../Core/Src/main.c:292:13:vStreamTask	16	static
../Core/Src/main.c:247:13:vAudioTask	32	static
../Core/Src/main.c:218:13:vButtonManagerTask	16	static
../Core/Src/main.c:1890:6:StartDefaultTask	8	static
../Core/Src/main.c:207:6:HAL_GPIO_EXTI_Callback	16	static,ignoring_inline_asm
../Core/Src/main.c:455:6:SystemClock_Config	88	static,ignoring_inline_asm
../Core/Src/main.c:512:6:PeriphCommonClock_Config	144	static,ignoring_inline_asm
../Core/Src/main.c:329:5:main	208	static,ignoring_inline_asm
../Core/Src/main.c:1911:6:HAL_TIM_PeriodElapsedCallback	0	static
../Core/Src/main.c:1929:6:Error_Handler	0	static,ignoring_inline_asm
