../Core/Src/record.c:74:17:WavProcess_EncInit.constprop.isra	16	static
../Core/Src/record.c:110:6:Audio_SetStreamTaskHandle	0	static
../Core/Src/record.c:115:6:Audio_SetRecordTaskHandle	0	static
../Core/Src/record.c:120:9:Audio_GetMode	0	static
../Core/Src/record.c:126:11:Audio_GetPcmBuffer	0	static
../Core/Src/record.c:132:10:Audio_GetCurrentOffset	0	static
../Core/Src/record.c:141:20:recordStart	16	static
../Core/Src/record.c:175:20:recordProcess	16	static
../Core/Src/record.c:212:20:recordStop	24	static
../Core/Src/record.c:245:20:streamStart	8	static
../Core/Src/record.c:270:20:streamStop	8	static
../Core/Src/record.c:291:20:recordAndStreamStart	16	static
../Core/Src/record.c:330:20:recordAndStreamStop	0	static
../Core/Src/record.c:339:6:BSP_AUDIO_IN_HalfTransfer_CallBack	24	static,ignoring_inline_asm
../Core/Src/record.c:354:6:BSP_AUDIO_IN_TransferComplete_CallBack	24	static,ignoring_inline_asm
../Core/Src/record.c:369:6:BSP_AUDIO_IN_Error_CallBack	0	static
