../Core/Src/main.c:155:5:main	48	static
../Core/Src/main.c:255:6:SystemClock_Config	88	static
../Core/Src/main.c:312:6:PeriphCommonClock_Config	144	static
../Core/Src/main.c:340:13:MX_ADC3_Init	24	static
../Core/Src/main.c:392:13:MX_CRC_Init	8	static
../Core/Src/main.c:423:13:MX_DCMI_Init	8	static
../Core/Src/main.c:460:13:MX_DMA2D_Init	8	static
../Core/Src/main.c:497:13:MX_ETH_Init	8	static
../Core/Src/main.c:546:13:MX_I2C1_Init	8	static
../Core/Src/main.c:594:13:MX_I2C3_Init	8	static
../Core/Src/main.c:642:13:MX_LTDC_Init	64	static
../Core/Src/main.c:704:13:MX_QUADSPI_Init	8	static
../Core/Src/main.c:739:13:MX_RTC_Init	72	static
../Core/Src/main.c:835:13:MX_SAI2_Init	8	static
../Core/Src/main.c:910:13:MX_SDMMC1_SD_Init	4	static
../Core/Src/main.c:938:13:MX_SPDIFRX_Init	8	static
../Core/Src/main.c:974:13:MX_TIM1_Init	112	static
../Core/Src/main.c:1054:13:MX_TIM2_Init	64	static
../Core/Src/main.c:1113:13:MX_TIM3_Init	64	static
../Core/Src/main.c:1172:13:MX_TIM5_Init	64	static
../Core/Src/main.c:1231:13:MX_TIM8_Init	40	static
../Core/Src/main.c:1278:13:MX_TIM12_Init	40	static
../Core/Src/main.c:1320:13:MX_USART1_UART_Init	8	static
../Core/Src/main.c:1355:13:MX_USART6_UART_Init	8	static
../Core/Src/main.c:1388:13:MX_DMA_Init	16	static
../Core/Src/main.c:1411:13:MX_FMC_Init	40	static
../Core/Src/main.c:1462:13:MX_GPIO_Init	72	static
../Core/Src/main.c:1635:6:StartDefaultTask	584	static
../Core/Src/main.c:1682:6:HAL_TIM_PeriodElapsedCallback	16	static
../Core/Src/main.c:1699:6:Error_Handler	4	static,ignoring_inline_asm
