../Core/Src/main.c:158:6:HAL_GPIO_EXTI_Callback	24	static,ignoring_inline_asm
../Core/Src/main.c:169:13:vButtonManagerTask	24	static
../Core/Src/main.c:198:13:vAudioTask	96	static
../Core/Src/main.c:248:13:vStreamTask	24	static
../Core/Src/main.c:279:5:main	56	static
../Core/Src/main.c:391:6:SystemClock_Config	88	static
../Core/Src/main.c:447:6:PeriphCommonClock_Config	144	static
../Core/Src/main.c:475:13:MX_ADC3_Init	24	static
../Core/Src/main.c:527:13:MX_CRC_Init	8	static
../Core/Src/main.c:558:13:MX_DCMI_Init	8	static
../Core/Src/main.c:595:13:MX_DMA2D_Init	8	static
../Core/Src/main.c:632:13:MX_LTDC_Init	64	static
../Core/Src/main.c:694:13:MX_QUADSPI_Init	8	static
../Core/Src/main.c:729:13:MX_SAI2_Init	8	static
../Core/Src/main.c:804:13:MX_SDMMC1_SD_Init	4	static
../Core/Src/main.c:832:13:MX_SPDIFRX_Init	8	static
../Core/Src/main.c:868:13:MX_SPI2_Init	8	static
../Core/Src/main.c:908:13:MX_USART6_UART_Init	8	static
../Core/Src/main.c:941:13:MX_DMA_Init	16	static
../Core/Src/main.c:962:13:MX_FMC_Init	40	static
../Core/Src/main.c:1013:13:MX_GPIO_Init	72	static
../Core/Src/main.c:1134:6:StartDefaultTask	16	static
../Core/Src/main.c:1153:6:HAL_TIM_PeriodElapsedCallback	16	static
../Core/Src/main.c:1171:6:Error_Handler	4	static,ignoring_inline_asm
