../Core/Src/record.c:57:24:Ring_Count	4	static
../Core/Src/record.c:61:24:Ring_Free	8	static
../Core/Src/record.c:65:17:Ring_Write	32	static,ignoring_inline_asm
../Core/Src/record.c:83:17:Ring_Read	32	static,ignoring_inline_asm
../Core/Src/record.c:99:13:Ring_Reset	4	static
../Core/Src/record.c:107:13:WavHeader_Init	16	static
../Core/Src/record.c:129:13:WavHeader_Update	24	static
../Core/Src/record.c:147:6:Audio_SetStreamTaskHandle	16	static
../Core/Src/record.c:151:6:Audio_SetUartHandle	16	static
../Core/Src/record.c:155:13:Audio_GetMode	4	static
../Core/Src/record.c:159:6:Audio_GetStats	16	static
../Core/Src/record.c:167:6:Audio_ResetStats	8	static
../Core/Src/record.c:171:9:Audio_GetRingBufferLevel	8	static
../Core/Src/record.c:178:20:streamStart	8	static
../Core/Src/record.c:203:20:streamStop	8	static
../Core/Src/record.c:226:6:streamProcess	24	static
../Core/Src/record.c:273:20:recordStart	16	static
../Core/Src/record.c:310:20:recordProcess	16	static
../Core/Src/record.c:332:20:recordStop	16	static
../Core/Src/record.c:358:20:recordAndStreamStart	16	static
../Core/Src/record.c:404:20:recordAndStreamStop	8	static
../Core/Src/record.c:417:6:BSP_AUDIO_IN_HalfTransfer_CallBack	24	static,ignoring_inline_asm
../Core/Src/record.c:439:6:BSP_AUDIO_IN_TransferComplete_CallBack	24	static,ignoring_inline_asm
../Core/Src/record.c:461:6:BSP_AUDIO_IN_Error_CallBack	4	static
../Core/Src/record.c:471:6:Audio_UART_TxCpltCallback	24	static,ignoring_inline_asm
../Core/Src/record.c:483:6:Audio_UART_ErrorCallback	8	static
