../Core/Src/stm32f7xx_it.c:76:6:NMI_Handler	4	static
../Core/Src/stm32f7xx_it.c:91:6:HardFault_Handler	4	static
../Core/Src/stm32f7xx_it.c:106:6:MemManage_Handler	4	static
../Core/Src/stm32f7xx_it.c:121:6:BusFault_Handler	4	static
../Core/Src/stm32f7xx_it.c:136:6:UsageFault_Handler	4	static
../Core/Src/stm32f7xx_it.c:151:6:DebugMon_Handler	4	static
../Core/Src/stm32f7xx_it.c:171:6:DMA1_Stream3_IRQHandler	8	static
../Core/Src/stm32f7xx_it.c:185:6:DMA1_Stream4_IRQHandler	8	static
../Core/Src/stm32f7xx_it.c:199:6:EXTI15_10_IRQHandler	8	static
../Core/Src/stm32f7xx_it.c:213:6:SDMMC1_IRQHandler	8	static
../Core/Src/stm32f7xx_it.c:227:6:TIM6_DAC_IRQHandler	8	static
../Core/Src/stm32f7xx_it.c:241:6:DMA2_Stream4_IRQHandler	8	static
../Core/Src/stm32f7xx_it.c:255:6:LTDC_IRQHandler	8	static
../Core/Src/stm32f7xx_it.c:269:6:DMA2D_IRQHandler	8	static
