Archive member included to satisfy reference by file (symbol)

C:/ST/STM32CubeIDE_2.0.0/STM32CubeIDE/plugins/com.st.stm32cube.ide.mcu.externaltools.gnu-tools-for-stm32.13.3.rel1.win32_1.0.100.202509120712/tools/bin/../lib/gcc/arm-none-eabi/13.3.1/../../../../arm-none-eabi/lib/thumb/v7e-m+fp/hard\libc_nano.a(libc_a-exit.o)
                              C:/ST/STM32CubeIDE_2.0.0/STM32CubeIDE/plugins/com.st.stm32cube.ide.mcu.externaltools.gnu-tools-for-stm32.13.3.rel1.win32_1.0.100.202509120712/tools/bin/../lib/gcc/arm-none-eabi/13.3.1/../../../../arm-none-eabi/lib/thumb/v7e-m+fp/hard/crt0.o (exit)
C:/ST/STM32CubeIDE_2.0.0/STM32CubeIDE/plugins/com.st.stm32cube.ide.mcu.externaltools.gnu-tools-for-stm32.13.3.rel1.win32_1.0.100.202509120712/tools/bin/../lib/gcc/arm-none-eabi/13.3.1/../../../../arm-none-eabi/lib/thumb/v7e-m+fp/hard\libc_nano.a(libc_a-malloc.o)
                              ./Middlewares/ST/STM32_USB_Host_Library/Class/CDC/Src/usbh_cdc.o (malloc)
C:/ST/STM32CubeIDE_2.0.0/STM32CubeIDE/plugins/com.st.stm32cube.ide.mcu.externaltools.gnu-tools-for-stm32.13.3.rel1.win32_1.0.100.202509120712/tools/bin/../lib/gcc/arm-none-eabi/13.3.1/../../../../arm-none-eabi/lib/thumb/v7e-m+fp/hard\libc_nano.a(libc_a-mallocr.o)
                              C:/ST/STM32CubeIDE_2.0.0/STM32CubeIDE/plugins/com.st.stm32cube.ide.mcu.externaltools.gnu-tools-for-stm32.13.3.rel1.win32_1.0.100.202509120712/tools/bin/../lib/gcc/arm-none-eabi/13.3.1/../../../../arm-none-eabi/lib/thumb/v7e-m+fp/hard\libc_nano.a(libc_a-malloc.o) (_malloc_r)
C:/ST/STM32CubeIDE_2.0.0/STM32CubeIDE/plugins/com.st.stm32cube.ide.mcu.externaltools.gnu-tools-for-stm32.13.3.rel1.win32_1.0.100.202509120712/tools/bin/../lib/gcc/arm-none-eabi/13.3.1/../../../../arm-none-eabi/lib/thumb/v7e-m+fp/hard\libc_nano.a(libc_a-mlock.o)
                              C:/ST/STM32CubeIDE_2.0.0/STM32CubeIDE/plugins/com.st.stm32cube.ide.mcu.externaltools.gnu-tools-for-stm32.13.3.rel1.win32_1.0.100.202509120712/tools/bin/../lib/gcc/arm-none-eabi/13.3.1/../../../../arm-none-eabi/lib/thumb/v7e-m+fp/hard\libc_nano.a(libc_a-mallocr.o) (__malloc_lock)
C:/ST/STM32CubeIDE_2.0.0/STM32CubeIDE/plugins/com.st.stm32cube.ide.mcu.externaltools.gnu-tools-for-stm32.13.3.rel1.win32_1.0.100.202509120712/tools/bin/../lib/gcc/arm-none-eabi/13.3.1/../../../../arm-none-eabi/lib/thumb/v7e-m+fp/hard\libc_nano.a(libc_a-findfp.o)
                              C:/ST/STM32CubeIDE_2.0.0/STM32CubeIDE/plugins/com.st.stm32cube.ide.mcu.externaltools.gnu-tools-for-stm32.13.3.rel1.win32_1.0.100.202509120712/tools/bin/../lib/gcc/arm-none-eabi/13.3.1/../../../../arm-none-eabi/lib/thumb/v7e-m+fp/hard\libc_nano.a(libc_a-exit.o) (__stdio_exit_handler)
C:/ST/STM32CubeIDE_2.0.0/STM32CubeIDE/plugins/com.st.stm32cube.ide.mcu.externaltools.gnu-tools-for-stm32.13.3.rel1.win32_1.0.100.202509120712/tools/bin/../lib/gcc/arm-none-eabi/13.3.1/../../../../arm-none-eabi/lib/thumb/v7e-m+fp/hard\libc_nano.a(libc_a-fwalk.o)
                              C:/ST/STM32CubeIDE_2.0.0/STM32CubeIDE/plugins/com.st.stm32cube.ide.mcu.externaltools.gnu-tools-for-stm32.13.3.rel1.win32_1.0.100.202509120712/tools/bin/../lib/gcc/arm-none-eabi/13.3.1/../../../../arm-none-eabi/lib/thumb/v7e-m+fp/hard\libc_nano.a(libc_a-findfp.o) (_fwalk_sglue)
C:/ST/STM32CubeIDE_2.0.0/STM32CubeIDE/plugins/com.st.stm32cube.ide.mcu.externaltools.gnu-tools-for-stm32.13.3.rel1.win32_1.0.100.202509120712/tools/bin/../lib/gcc/arm-none-eabi/13.3.1/../../../../arm-none-eabi/lib/thumb/v7e-m+fp/hard\libc_nano.a(libc_a-stdio.o)
                              C:/ST/STM32CubeIDE_2.0.0/STM32CubeIDE/plugins/com.st.stm32cube.ide.mcu.externaltools.gnu-tools-for-stm32.13.3.rel1.win32_1.0.100.202509120712/tools/bin/../lib/gcc/arm-none-eabi/13.3.1/../../../../arm-none-eabi/lib/thumb/v7e-m+fp/hard\libc_nano.a(libc_a-findfp.o) (__sread)
C:/ST/STM32CubeIDE_2.0.0/STM32CubeIDE/plugins/com.st.stm32cube.ide.mcu.externaltools.gnu-tools-for-stm32.13.3.rel1.win32_1.0.100.202509120712/tools/bin/../lib/gcc/arm-none-eabi/13.3.1/../../../../arm-none-eabi/lib/thumb/v7e-m+fp/hard\libc_nano.a(libc_a-memset.o)
                              C:/ST/STM32CubeIDE_2.0.0/STM32CubeIDE/plugins/com.st.stm32cube.ide.mcu.externaltools.gnu-tools-for-stm32.13.3.rel1.win32_1.0.100.202509120712/tools/bin/../lib/gcc/arm-none-eabi/13.3.1/../../../../arm-none-eabi/lib/thumb/v7e-m+fp/hard/crt0.o (memset)
C:/ST/STM32CubeIDE_2.0.0/STM32CubeIDE/plugins/com.st.stm32cube.ide.mcu.externaltools.gnu-tools-for-stm32.13.3.rel1.win32_1.0.100.202509120712/tools/bin/../lib/gcc/arm-none-eabi/13.3.1/../../../../arm-none-eabi/lib/thumb/v7e-m+fp/hard\libc_nano.a(libc_a-closer.o)
                              C:/ST/STM32CubeIDE_2.0.0/STM32CubeIDE/plugins/com.st.stm32cube.ide.mcu.externaltools.gnu-tools-for-stm32.13.3.rel1.win32_1.0.100.202509120712/tools/bin/../lib/gcc/arm-none-eabi/13.3.1/../../../../arm-none-eabi/lib/thumb/v7e-m+fp/hard\libc_nano.a(libc_a-stdio.o) (_close_r)
[...]
Memory Configuration

Name             Origin             Length             Attributes
RAM              0x20000000         0x00050000         xrw
FLASH            0x08000000         0x00100000         xr
*default*        0x00000000         0xffffffff

Linker script and memory map

LOAD C:/ST/STM32CubeIDE_2.0.0/STM32CubeIDE/plugins/com.st.stm32cube.ide.mcu.externaltools.gnu-tools-for-stm32.13.3.rel1.win32_1.0.100.202509120712/tools/bin/../lib/gcc/arm-none-eabi/13.3.1/thumb/v7e-m+fp/hard/crti.o
LOAD C:/ST/STM32CubeIDE_2.0.0/STM32CubeIDE/plugins/com.st.stm32cube.ide.mcu.externaltools.gnu-tools-for-stm32.13.3.rel1.win32_1.0.100.202509120712/tools/bin/../lib/gcc/arm-none-eabi/13.3.1/thumb/v7e-m+fp/hard/crtbegin.o
LOAD C:/ST/STM32CubeIDE_2.0.0/STM32CubeIDE/plugins/com.st.stm32cube.ide.mcu.externaltools.gnu-tools-for-stm32.13.3.rel1.win32_1.0.100.202509120712/tools/bin/../lib/gcc/arm-none-eabi/13.3.1/../../../../arm-none-eabi/lib/thumb/v7e-m+fp/hard/crt0.o
LOAD ./Core/Src/freertos.o
LOAD ./Core/Src/main.o
LOAD ./Core/Src/record.o
LOAD ./Core/Src/stm32f7xx_hal_msp.o
LOAD ./Core/Src/stm32f7xx_hal_timebase_tim.o
LOAD ./Core/Src/stm32f7xx_it.o
LOAD ./Core/Src/syscalls.o
LOAD ./Core/Src/sysmem.o
LOAD ./Core/Src/system_stm32f7xx.o
LOAD ./Core/Startup/startup_stm32f746nghx.o
LOAD ./Drivers/BSP/Components/adv7533/adv7533.o
LOAD ./Drivers/BSP/Components/dp83848/dp83848.o
LOAD ./Drivers/BSP/Components/exc7200/exc7200.o
LOAD ./Drivers/BSP/Components/ft3x67/ft3x67.o
LOAD ./Drivers/BSP/Components/ft5336/ft5336.o
LOAD ./Drivers/BSP/Components/ft6x06/ft6x06.o
LOAD ./Drivers/BSP/Components/lan8742/lan8742.o
LOAD ./Drivers/BSP/Components/mfxstm32l152/mfxstm32l152.o
LOAD ./Drivers/BSP/Components/otm8009a/otm8009a.o
LOAD ./Drivers/BSP/Components/ov5640/ov5640.o
LOAD ./Drivers/BSP/Components/ov9655/ov9655.o
LOAD ./Drivers/BSP/Components/s5k5cag/s5k5cag.o
LOAD ./Drivers/BSP/Components/st7735/st7735.o
LOAD ./Drivers/BSP/Components/st7789h2/st7789h2.o
LOAD ./Drivers/BSP/Components/stmpe811/stmpe811.o
LOAD ./Drivers/BSP/Components/ts3510/ts3510.o
LOAD ./Drivers/BSP/Components/wm8994/wm8994.o
LOAD ./Drivers/BSP/STM32746G-Discovery/stm32746g_discovery.o
LOAD ./Drivers/BSP/STM32746G-Discovery/stm32746g_discovery_audio.o
LOAD ./Drivers/BSP/STM32746G-Discovery/stm32746g_discovery_eeprom.o
LOAD ./Drivers/BSP/STM32746G-Discovery/stm32746g_discovery_lcd.o
LOAD ./Drivers/BSP/STM32746G-Discovery/stm32746g_discovery_sdram.o
LOAD ./Drivers/BSP/STM32746G-Discovery/stm32746g_discovery_ts.o
LOAD ./Drivers/STM32F7xx_HAL_Driver/Src/stm32f7xx_hal.o
LOAD ./Drivers/STM32F7xx_HAL_Driver/Src/stm32f7xx_hal_adc.o
LOAD ./Drivers/STM32F7xx_HAL_Driver/Src/stm32f7xx_hal_adc_ex.o
LOAD ./Drivers/STM32F7xx_HAL_Driver/Src/stm32f7xx_hal_cortex.o
LOAD ./Drivers/STM32F7xx_HAL_Driver/Src/stm32f7xx_hal_crc.o
LOAD ./Drivers/STM32F7xx_HAL_Driver/Src/stm32f7xx_hal_crc_ex.o
LOAD ./Drivers/STM32F7xx_HAL_Driver/Src/stm32f7xx_hal_dcmi.o
LOAD ./Drivers/STM32F7xx_HAL_Driver/Src/stm32f7xx_hal_dcmi_ex.o
LOAD ./Drivers/STM32F7xx_HAL_Driver/Src/stm32f7xx_hal_dma.o
LOAD ./Drivers/STM32F7xx_HAL_Driver/Src/stm32f7xx_hal_dma2d.o
LOAD ./Drivers/STM32F7xx_HAL_Driver/Src/stm32f7xx_hal_dma_ex.o
LOAD ./Drivers/STM32F7xx_HAL_Driver/Src/stm32f7xx_hal_dsi.o
LOAD ./Drivers/STM32F7xx_HAL_Driver/Src/stm32f7xx_hal_eth.o
LOAD ./Drivers/STM32F7xx_HAL_Driver/Src/stm32f7xx_hal_exti.o
LOAD ./Drivers/STM32F7xx_HAL_Driver/Src/stm32f7xx_hal_flash.o
LOAD ./Drivers/STM32F7xx_HAL_Driver/Src/stm32f7xx_hal_flash_ex.o
LOAD ./Drivers/STM32F7xx_HAL_Driver/Src/stm32f7xx_hal_gpio.o
LOAD ./Drivers/STM32F7xx_HAL_Driver/Src/stm32f7xx_hal_hcd.o
LOAD ./Drivers/STM32F7xx_HAL_Driver/Src/stm32f7xx_hal_i2c.o
LOAD ./Drivers/STM32F7xx_HAL_Driver/Src/stm32f7xx_hal_i2c_ex.o
LOAD ./Drivers/STM32F7xx_HAL_Driver/Src/stm32f7xx_hal_ltdc.o
LOAD ./Drivers/STM32F7xx_HAL_Driver/Src/stm32f7xx_hal_ltdc_ex.o
LOAD ./Drivers/STM32F7xx_HAL_Driver/Src/stm32f7xx_hal_mmc.o
LOAD ./Drivers/STM32F7xx_HAL_Driver/Src/stm32f7xx_hal_nand.o
LOAD ./Drivers/STM32F7xx_HAL_Driver/Src/stm32f7xx_hal_nor.o
LOAD ./Drivers/STM32F7xx_HAL_Driver/Src/stm32f7xx_hal_pwr.o
LOAD ./Drivers/STM32F7xx_HAL_Driver/Src/stm32f7xx_hal_pwr_ex.o
LOAD ./Drivers/STM32F7xx_HAL_Driver/Src/stm32f7xx_hal_qspi.o
LOAD ./Drivers/STM32F7xx_HAL_Driver/Src/stm32f7xx_hal_rcc.o
LOAD ./Drivers/STM32F7xx_HAL_Driver/Src/stm32f7xx_hal_rcc_ex.o
LOAD ./Drivers/STM32F7xx_HAL_Driver/Src/stm32f7xx_hal_rtc.o
LOAD ./Drivers/STM32F7xx_HAL_Driver/Src/stm32f7xx_hal_rtc_ex.o
LOAD ./Drivers/STM32F7xx_HAL_Driver/Src/stm32f7xx_hal_sai.o
LOAD ./Drivers/STM32F7xx_HAL_Driver/Src/stm32f7xx_hal_sai_ex.o
LOAD ./Drivers/STM32F7xx_HAL_Driver/Src/stm32f7xx_hal_sd.o
LOAD ./Drivers/STM32F7xx_HAL_Driver/Src/stm32f7xx_hal_sdram.o
LOAD ./Drivers/STM32F7xx_HAL_Driver/Src/stm32f7xx_hal_spdifrx.o
LOAD ./Drivers/STM32F7xx_HAL_Driver/Src/stm32f7xx_hal_sram.o
LOAD ./Drivers/STM32F7xx_HAL_Driver/Src/stm32f7xx_hal_tim.o
LOAD ./Drivers/STM32F7xx_HAL_Driver/Src/stm32f7xx_hal_tim_ex.o
LOAD ./Drivers/STM32F7xx_HAL_Driver/Src/stm32f7xx_hal_uart.o
LOAD ./Drivers/STM32F7xx_HAL_Driver/Src/stm32f7xx_hal_uart_ex.o
LOAD ./Drivers/STM32F7xx_HAL_Driver/Src/stm32f7xx_ll_fmc.o
LOAD ./Drivers/STM32F7xx_HAL_Driver/Src/stm32f7xx_ll_sdmmc.o
LOAD ./Drivers/STM32F7xx_HAL_Driver/Src/stm32f7xx_ll_usb.o
LOAD ./FATFS/App/fatfs.o
LOAD ./FATFS/Target/bsp_driver_sd.o
LOAD ./FATFS/Target/fatfs_platform.o
LOAD ./FATFS/Target/sd_diskio.o
LOAD ./Middlewares/ST/STM32_USB_Host_Library/Class/CDC/Src/usbh_cdc.o
LOAD ./Middlewares/ST/STM32_USB_Host_Library/Core/Src/usbh_core.o
LOAD ./Middlewares/ST/STM32_USB_Host_Library/Core/Src/usbh_ctlreq.o
LOAD ./Middlewares/ST/STM32_USB_Host_Library/Core/Src/usbh_ioreq.o
LOAD ./Middlewares/ST/STM32_USB_Host_Library/Core/Src/usbh_pipes.o
LOAD ./Middlewares/Third_Party/FatFs/src/diskio.o
LOAD ./Middlewares/Third_Party/FatFs/src/ff.o
LOAD ./Middlewares/Third_Party/FatFs/src/ff_gen_drv.o
LOAD ./Middlewares/Third_Party/FatFs/src/option/syscall.o
LOAD ./Middlewares/Third_Party/FreeRTOS/Source/CMSIS_RTOS/cmsis_os.o
LOAD ./Middlewares/Third_Party/FreeRTOS/Source/croutine.o
LOAD ./Middlewares/Third_Party/FreeRTOS/Source/event_groups.o
LOAD ./Middlewares/Third_Party/FreeRTOS/Source/list.o
LOAD ./Middlewares/Third_Party/FreeRTOS/Source/queue.o
LOAD ./Middlewares/Third_Party/FreeRTOS/Source/stream_buffer.o
LOAD ./Middlewares/Third_Party/FreeRTOS/Source/tasks.o
LOAD ./Middlewares/Third_Party/FreeRTOS/Source/timers.o
LOAD ./Middlewares/Third_Party/FreeRTOS/Source/portable/GCC/ARM_CM7/r0p1/port.o
LOAD ./Middlewares/Third_Party/FreeRTOS/Source/portable/MemMang/heap_4.o
LOAD ./USB_HOST/App/usb_host.o
LOAD ./USB_HOST/Target/usbh_conf.o
LOAD ./USB_HOST/Target/usbh_platform.o
START GROUP
LOAD C:/ST/STM32CubeIDE_2.0.0/STM32CubeIDE/plugins/com.st.stm32cube.ide.mcu.externaltools.gnu-tools-for-stm32.13.3.rel1.win32_1.0.100.202509120712/tools/bin/../lib/gcc/arm-none-eabi/13.3.1/../../../../arm-none-eabi/lib/thumb/v7e-m+fp/hard\libc_nano.a
LOAD C:/ST/STM32CubeIDE_2.0.0/STM32CubeIDE/plugins/com.st.stm32cube.ide.mcu.externaltools.gnu-tools-for-stm32.13.3.rel1.win32_1.0.100.202509120712/tools/bin/../lib/gcc/arm-none-eabi/13.3.1/../../../../arm-none-eabi/lib/thumb/v7e-m+fp/hard\libm.a
END GROUP
START GROUP
LOAD C:/ST/STM32CubeIDE_2.0.0/STM32CubeIDE/plugins/com.st.stm32cube.ide.mcu.externaltools.gnu-tools-for-stm32.13.3.rel1.win32_1.0.100.202509120712/tools/bin/../lib/gcc/arm-none-eabi/13.3.1/thumb/v7e-m+fp/hard\libgcc.a
LOAD C:/ST/STM32CubeIDE_2.0.0/STM32CubeIDE/plugins/com.st.stm32cube.ide.mcu.externaltools.gnu-tools-for-stm32.13.3.rel1.win32_1.0.100.202509120712/tools/bin/../lib/gcc/arm-none-eabi/13.3.1/../../../../arm-none-eabi/lib/thumb/v7e-m+fp/hard\libc_nano.a
END GROUP
START GROUP
LOAD C:/ST/STM32CubeIDE_2.0.0/STM32CubeIDE/plugins/com.st.stm32cube.ide.mcu.externaltools.gnu-tools-for-stm32.13.3.rel1.win32_1.0.100.202509120712/tools/bin/../lib/gcc/arm-none-eabi/13.3.1/thumb/v7e-m+fp/hard\libgcc.a
LOAD C:/ST/STM32CubeIDE_2.0.0/STM32CubeIDE/plugins/com.st.stm32cube.ide.mcu.externaltools.gnu-tools-for-stm32.13.3.rel1.win32_1.0.100.202509120712/tools/bin/../lib/gcc/arm-none-eabi/13.3.1/../../../../arm-none-eabi/lib/thumb/v7e-m+fp/hard\libc_nano.a
LOAD C:/ST/STM32CubeIDE_2.0.0/STM32CubeIDE/plugins/com.st.stm32cube.ide.mcu.externaltools.gnu-tools-for-stm32.13.3.rel1.win32_1.0.100.202509120712/tools/bin/../lib/gcc/arm-none-eabi/13.3.1/../../../../arm-none-eabi/lib/thumb/v7e-m+fp/hard\libnosys.a
END GROUP
START GROUP
LOAD C:/ST/STM32CubeIDE_2.0.0/STM32CubeIDE/plugins/com.st.stm32cube.ide.mcu.externaltools.gnu-tools-for-stm32.13.3.rel1.win32_1.0.100.202509120712/tools/bin/../lib/gcc/arm-none-eabi/13.3.1/thumb/v7e-m+fp/hard\libgcc.a
LOAD C:/ST/STM32CubeIDE_2.0.0/STM32CubeIDE/plugins/com.st.stm32cube.ide.mcu.externaltools.gnu-tools-for-stm32.13.3.rel1.win32_1.0.100.202509120712/tools/bin/../lib/gcc/arm-none-eabi/13.3.1/../../../../arm-none-eabi/lib/thumb/v7e-m+fp/hard\libc_nano.a
LOAD C:/ST/STM32CubeIDE_2.0.0/STM32CubeIDE/plugins/com.st.stm32cube.ide.mcu.externaltools.gnu-tools-for-stm32.13.3.rel1.win32_1.0.100.202509120712/tools/bin/../lib/gcc/arm-none-eabi/13.3.1/../../../../arm-none-eabi/lib/thumb/v7e-m+fp/hard\libnosys.a
END GROUP
LOAD C:/ST/STM32CubeIDE_2.0.0/STM32CubeIDE/plugins/com.st.stm32cube.ide.mcu.externaltools.gnu-tools-for-stm32.13.3.rel1.win32_1.0.100.202509120712/tools/bin/../lib/gcc/arm-none-eabi/13.3.1/thumb/v7e-m+fp/hard/crtend.o
LOAD C:/ST/STM32CubeIDE_2.0.0/STM32CubeIDE/plugins/com.st.stm32cube.ide.mcu.externaltools.gnu-tools-for-stm32.13.3.rel1.win32_1.0.100.202509120712/tools/bin/../lib/gcc/arm-none-eabi/13.3.1/thumb/v7e-m+fp/hard/crtn.o
                0x20050000                        _estack = (ORIGIN (RAM) + LENGTH (RAM))
                0x00000200                        _Min_Heap_Size = 0x200
                0x00000400                        _Min_Stack_Size = 0x400

.isr_vector     0x08000000      0x1c8
                0x08000000                        . = ALIGN (0x4)
 *(.isr_vector)
 .isr_vector    0x08000000      0x1c8 ./Core/Startup/startup_stm32f746nghx.o
                0x08000000                g_pfnVectors
                0x080001c8                        . = ALIGN (0x4)

.text           0x080001d0     0xcb5c
                0x080001d0                        . = ALIGN (0x4)
 *(.text)
 .text          0x080001d0       0x40 C:/ST/STM32CubeIDE_2.0.0/STM32CubeIDE/plugins/com.st.stm32cube.ide.mcu.externaltools.gnu-tools-for-stm32.13.3.rel1.win32_1.0.100.202509120712/tools/bin/../lib/gcc/arm-none-eabi/13.3.1/thumb/v7e-m+fp/hard/crtbegin.o
 .text          0x08000210       0x30 C:/ST/STM32CubeIDE_2.0.0/STM32CubeIDE/plugins/com.st.stm32cube.ide.mcu.externaltools.gnu-tools-for-stm32.13.3.rel1.win32_1.0.100.202509120712/tools/bin/../lib/gcc/arm-none-eabi/13.3.1/thumb/v7e-m+fp/hard\libgcc.a(_aeabi_uldivmod.o)
                0x08000210                __aeabi_uldivmod
 .text          0x08000240      0x2f8 C:/ST/STM32CubeIDE_2.0.0/STM32CubeIDE/plugins/com.st.stm32cube.ide.mcu.externaltools.gnu-tools-for-stm32.13.3.rel1.win32_1.0.100.202509120712/tools/bin/../lib/gcc/arm-none-eabi/13.3.1/thumb/v7e-m+fp/hard\libgcc.a(_udivmoddi4.o)
                0x08000240                __udivmoddi4
 .text          0x08000538        0x4 C:/ST/STM32CubeIDE_2.0.0/STM32CubeIDE/plugins/com.st.stm32cube.ide.mcu.externaltools.gnu-tools-for-stm32.13.3.rel1.win32_1.0.100.202509120712/tools/bin/../lib/gcc/arm-none-eabi/13.3.1/thumb/v7e-m+fp/hard\libgcc.a(_dvmd_tls.o)
                0x08000538                __aeabi_idiv0
                0x08000538                __aeabi_ldiv0
 *(.text*)
 .text.vApplicationIdleHook
                0x0800053c        0x2 ./Core/Src/freertos.o
                0x0800053c                vApplicationIdleHook
 .text.vApplicationStackOverflowHook
                0x0800053e        0x2 ./Core/Src/freertos.o
                0x0800053e                vApplicationStackOverflowHook
 .text.vApplicationMallocFailedHook
                0x08000540        0x2 ./Core/Src/freertos.o
                0x08000540                vApplicationMallocFailedHook
 *fill*         0x08000542        0x2 
 .text.vApplicationGetIdleTaskMemory
                0x08000544       0x18 ./Core/Src/freertos.o
                0x08000544                vApplicationGetIdleTaskMemory
 .text.StartDefaultTask
                0x0800055c        0x2 ./Core/Src/main.o
                0x0800055c                StartDefaultTask
 *fill*         0x0800055e        0x2 
 .text.vStreamTask
                0x08000560       0x38 ./Core/Src/main.o
 .text.vAudioTask
                0x08000598       0x94 ./Core/Src/main.o
 .text.vButtonManagerTask
                0x0800062c       0x50 ./Core/Src/main.o
 .text.HAL_GPIO_EXTI_Callback
                0x0800067c       0x44 ./Core/Src/main.o
                0x0800067c                HAL_GPIO_EXTI_Callback
 .text.SystemClock_Config
                0x080006c0       0xb0 ./Core/Src/main.o
                0x080006c0                SystemClock_Config
 .text.PeriphCommonClock_Config
                0x08000770       0x4c ./Core/Src/main.o
                0x08000770                PeriphCommonClock_Config
 .text.startup.main
                0x080007bc      0xc80 ./Core/Src/main.o
                0x080007bc                main
 .text.HAL_TIM_PeriodElapsedCallback
                0x0800143c       0x14 ./Core/Src/main.o
                0x0800143c                HAL_TIM_PeriodElapsedCallback
 .text.Error_Handler
                0x08001450        0x4 ./Core/Src/main.o
                0x08001450                Error_Handler
 .text.WavProcess_EncInit.constprop.0.isra.0
                0x08001454       0xd0 ./Core/Src/record.o
 .text.Audio_SetStreamTaskHandle
                0x08001524        0xc ./Core/Src/record.o
                0x08001524                Audio_SetStreamTaskHandle
 .text.Audio_SetRecordTaskHandle
                0x08001530        0x2 ./Core/Src/record.o
                0x08001530                Audio_SetRecordTaskHandle
 *fill*         0x08001532        0x2 
 .text.Audio_GetPcmBuffer
                0x08001534        0x8 ./Core/Src/record.o
                0x08001534                Audio_GetPcmBuffer
 .text.Audio_GetCurrentOffset
                0x0800153c        0xc ./Core/Src/record.o
                0x0800153c                Audio_GetCurrentOffset
 .text.recordProcess
                0x08001548       0x88 ./Core/Src/record.o
                0x08001548                recordProcess
 .text.recordStop
                0x080015d0       0x9c ./Core/Src/record.o
                0x080015d0                recordStop
 .text.recordAndStreamStart
                0x0800166c       0xac ./Core/Src/record.o
                0x0800166c                recordAndStreamStart
 .text.recordAndStreamStop
                0x08001718        0x4 ./Core/Src/record.o
                0x08001718                recordAndStreamStop
 .text.BSP_AUDIO_IN_HalfTransfer_CallBack
                0x0800171c       0x50 ./Core/Src/record.o
                0x0800171c                BSP_AUDIO_IN_HalfTransfer_CallBack
 .text.BSP_AUDIO_IN_TransferComplete_CallBack
                0x0800176c       0x54 ./Core/Src/record.o
                0x0800176c                BSP_AUDIO_IN_TransferComplete_CallBack
 .text.BSP_AUDIO_IN_Error_CallBack
                0x080017c0       0x1c ./Core/Src/record.o
                0x080017c0                BSP_AUDIO_IN_Error_CallBack
 .text.HAL_MspInit
                0x080017dc       0x3c ./Core/Src/stm32f7xx_hal_msp.o
                0x080017dc                HAL_MspInit
 .text.HAL_ADC_MspInit
                0x08001818       0x88 ./Core/Src/stm32f7xx_hal_msp.o
                0x08001818                HAL_ADC_MspInit
 .text.HAL_CRC_MspInit
                0x080018a0       0x2c ./Core/Src/stm32f7xx_hal_msp.o
                0x080018a0                HAL_CRC_MspInit
 .text.HAL_DCMI_MspInit
                0x080018cc      0x110 ./Core/Src/stm32f7xx_hal_msp.o
                0x080018cc                HAL_DCMI_MspInit
 .text.HAL_DMA2D_MspInit
                0x080019dc       0x40 ./Core/Src/stm32f7xx_hal_msp.o
                0x080019dc                HAL_DMA2D_MspInit
 .text.HAL_ETH_MspInit
                0x08001a1c       0xe0 ./Core/Src/stm32f7xx_hal_msp.o
                0x08001a1c                HAL_ETH_MspInit
 .text.HAL_I2C_MspInit
                0x08001afc       0xf0 ./Core/Src/stm32f7xx_hal_msp.o
                0x08001afc                HAL_I2C_MspInit
 .text.HAL_I2C_MspDeInit
                0x08001bec       0x64 ./Core/Src/stm32f7xx_hal_msp.o
                0x08001bec                HAL_I2C_MspDeInit
 .text.HAL_LTDC_MspInit
                0x08001c50      0x124 ./Core/Src/stm32f7xx_hal_msp.o
                0x08001c50                HAL_LTDC_MspInit
 .text.HAL_QSPI_MspInit
                0x08001d74       0xdc ./Core/Src/stm32f7xx_hal_msp.o
                0x08001d74                HAL_QSPI_MspInit
 .text.HAL_RTC_MspInit
                0x08001e50       0x44 ./Core/Src/stm32f7xx_hal_msp.o
                0x08001e50                HAL_RTC_MspInit
 .text.HAL_SD_MspInit
                0x08001e94      0x158 ./Core/Src/stm32f7xx_hal_msp.o
                0x08001e94                HAL_SD_MspInit
 .text.HAL_SPDIFRX_MspInit
                0x08001fec       0x94 ./Core/Src/stm32f7xx_hal_msp.o
                0x08001fec                HAL_SPDIFRX_MspInit
 .text.HAL_TIM_Base_MspInit
                0x08002080       0xa8 ./Core/Src/stm32f7xx_hal_msp.o
                0x08002080                HAL_TIM_Base_MspInit
 .text.HAL_TIM_PWM_MspInit
                0x08002128       0x28 ./Core/Src/stm32f7xx_hal_msp.o
                0x08002128                HAL_TIM_PWM_MspInit
 .text.HAL_TIM_MspPostInit
                0x08002150      0x110 ./Core/Src/stm32f7xx_hal_msp.o
                0x08002150                HAL_TIM_MspPostInit
 .text.HAL_UART_MspInit
                0x08002260      0x110 ./Core/Src/stm32f7xx_hal_msp.o
                0x08002260                HAL_UART_MspInit
 .text.HAL_SDRAM_MspInit
                0x08002370       0xd0 ./Core/Src/stm32f7xx_hal_msp.o
                0x08002370                HAL_SDRAM_MspInit
 .text.HAL_SAI_MspInit
                0x08002440      0x12c ./Core/Src/stm32f7xx_hal_msp.o
                0x08002440                HAL_SAI_MspInit
 .text.HAL_SAI_MspDeInit
                0x0800256c       0x84 ./Core/Src/stm32f7xx_hal_msp.o
                0x0800256c                HAL_SAI_MspDeInit
 .text.HAL_InitTick
                0x080025f0       0x9c ./Core/Src/stm32f7xx_hal_timebase_tim.o
                0x080025f0                HAL_InitTick
 .text.NMI_Handler
                0x0800268c        0x2 ./Core/Src/stm32f7xx_it.o
                0x0800268c                NMI_Handler
 .text.HardFault_Handler
                0x0800268e        0x2 ./Core/Src/stm32f7xx_it.o
                0x0800268e                HardFault_Handler
 .text.MemManage_Handler
                0x08002690        0x2 ./Core/Src/stm32f7xx_it.o
                0x08002690                MemManage_Handler
 .text.BusFault_Handler
                0x08002692        0x2 ./Core/Src/stm32f7xx_it.o
                0x08002692                BusFault_Handler
 .text.UsageFault_Handler
                0x08002694        0x2 ./Core/Src/stm32f7xx_it.o
                0x08002694                UsageFault_Handler
 .text.DebugMon_Handler
                0x08002696        0x2 ./Core/Src/stm32f7xx_it.o
                0x08002696                DebugMon_Handler
 .text.EXTI15_10_IRQHandler
                0x08002698        0x8 ./Core/Src/stm32f7xx_it.o
                0x08002698                EXTI15_10_IRQHandler
 .text.SDMMC1_IRQHandler
                0x080026a0        0xc ./Core/Src/stm32f7xx_it.o
                0x080026a0                SDMMC1_IRQHandler
 .text.TIM6_DAC_IRQHandler
                0x080026ac        0xc ./Core/Src/stm32f7xx_it.o
                0x080026ac                TIM6_DAC_IRQHandler
 .text.DMA2_Stream3_IRQHandler
                0x080026b8        0xc ./Core/Src/stm32f7xx_it.o
                0x080026b8                DMA2_Stream3_IRQHandler
 .text.DMA2_Stream4_IRQHandler
                0x080026c4        0xc ./Core/Src/stm32f7xx_it.o
                0x080026c4                DMA2_Stream4_IRQHandler
 .text.OTG_FS_IRQHandler
                0x080026d0        0xc ./Core/Src/stm32f7xx_it.o
                0x080026d0                OTG_FS_IRQHandler
 .text.DMA2_Stream6_IRQHandler
                0x080026dc        0xc ./Core/Src/stm32f7xx_it.o
                0x080026dc                DMA2_Stream6_IRQHandler
 .text.DMA2_Stream7_IRQHandler
                0x080026e8        0xc ./Core/Src/stm32f7xx_it.o
                0x080026e8                DMA2_Stream7_IRQHandler
 .text.LTDC_IRQHandler
                0x080026f4        0xc ./Core/Src/stm32f7xx_it.o
                0x080026f4                LTDC_IRQHandler
 .text.DMA2D_IRQHandler
                0x08002700        0xc ./Core/Src/stm32f7xx_it.o
                0x08002700                DMA2D_IRQHandler
 .text.SystemInit
                0x0800270c       0x14 ./Core/Src/system_stm32f7xx.o
                0x0800270c                SystemInit
 .text.Reset_Handler
                0x08002720       0x50 ./Core/Startup/startup_stm32f746nghx.o
                0x08002720                Reset_Handler
 .text.Default_Handler
                0x08002770        0x2 ./Core/Startup/startup_stm32f746nghx.o
                0x08002770                RTC_Alarm_IRQHandler
                0x08002770                EXTI2_IRQHandler
                0x08002770                TIM8_CC_IRQHandler
                0x08002770                UART8_IRQHandler
                0x08002770                SPI4_IRQHandler
                0x08002770                TIM1_CC_IRQHandler
                0x08002770                DMA2_Stream5_IRQHandler
                0x08002770                DMA1_Stream5_IRQHandler
                0x08002770                PVD_IRQHandler
                0x08002770                TAMP_STAMP_IRQHandler
                0x08002770                CAN2_RX1_IRQHandler
                0x08002770                EXTI3_IRQHandler
                0x08002770                TIM8_TRG_COM_TIM14_IRQHandler
                0x08002770                TIM1_UP_TIM10_IRQHandler
                0x08002770                TIM8_UP_TIM13_IRQHandler
                0x08002770                I2C3_ER_IRQHandler
                0x08002770                EXTI0_IRQHandler
                0x08002770                I2C2_EV_IRQHandler
                0x08002770                DMA1_Stream2_IRQHandler
                0x08002770                CAN1_RX0_IRQHandler
                0x08002770                FPU_IRQHandler
                0x08002770                OTG_HS_WKUP_IRQHandler
                0x08002770                LTDC_ER_IRQHandler
                0x08002770                CAN2_SCE_IRQHandler
                0x08002770                DMA2_Stream2_IRQHandler
                0x08002770                SPI1_IRQHandler
                0x08002770                TIM1_BRK_TIM9_IRQHandler
                0x08002770                DCMI_IRQHandler
                0x08002770                CAN2_RX0_IRQHandler
                0x08002770                SAI2_IRQHandler
                0x08002770                USART6_IRQHandler
                0x08002770                USART3_IRQHandler
                0x08002770                CAN1_RX1_IRQHandler
                0x08002770                UART5_IRQHandler
                0x08002770                DMA2_Stream0_IRQHandler
                0x08002770                TIM4_IRQHandler
                0x08002770                QUADSPI_IRQHandler
                0x08002770                I2C1_EV_IRQHandler
                0x08002770                DMA1_Stream6_IRQHandler
                0x08002770                DMA1_Stream1_IRQHandler
                0x08002770                UART4_IRQHandler
                0x08002770                TIM3_IRQHandler
                0x08002770                RCC_IRQHandler
                0x08002770                TIM8_BRK_TIM12_IRQHandler
                0x08002770                Default_Handler
                0x08002770                CEC_IRQHandler
                0x08002770                ADC_IRQHandler
                0x08002770                DMA1_Stream7_IRQHandler
                0x08002770                SPI5_IRQHandler
                0x08002770                TIM7_IRQHandler
                0x08002770                CAN2_TX_IRQHandler
                0x08002770                TIM5_IRQHandler
                0x08002770                I2C3_EV_IRQHandler
                0x08002770                EXTI9_5_IRQHandler
                0x08002770                RTC_WKUP_IRQHandler
                0x08002770                ETH_WKUP_IRQHandler
                0x08002770                SPDIF_RX_IRQHandler
                0x08002770                SPI2_IRQHandler
                0x08002770                OTG_HS_EP1_IN_IRQHandler
                0x08002770                DMA1_Stream0_IRQHandler
                0x08002770                CAN1_TX_IRQHandler
                0x08002770                EXTI4_IRQHandler
                0x08002770                RNG_IRQHandler
                0x08002770                ETH_IRQHandler
                0x08002770                OTG_HS_EP1_OUT_IRQHandler
                0x08002770                WWDG_IRQHandler
                0x08002770                SPI6_IRQHandler
                0x08002770                I2C4_EV_IRQHandler
                0x08002770                TIM2_IRQHandler
                0x08002770                OTG_FS_WKUP_IRQHandler
                0x08002770                TIM1_TRG_COM_TIM11_IRQHandler
                0x08002770                OTG_HS_IRQHandler
                0x08002770                EXTI1_IRQHandler
                0x08002770                UART7_IRQHandler
                0x08002770                USART2_IRQHandler
                0x08002770                I2C2_ER_IRQHandler
                0x08002770                DMA2_Stream1_IRQHandler
                0x08002770                CAN1_SCE_IRQHandler
                0x08002770                FLASH_IRQHandler
                0x08002770                USART1_IRQHandler
                0x08002770                SPI3_IRQHandler
                0x08002770                DMA1_Stream4_IRQHandler
                0x08002770                I2C1_ER_IRQHandler
                0x08002770                FMC_IRQHandler
                0x08002770                LPTIM1_IRQHandler
                0x08002770                I2C4_ER_IRQHandler
                0x08002770                SAI1_IRQHandler
                0x08002770                DMA1_Stream3_IRQHandler
 .text.wm8994_SetOutputMode
                0x08002772       0x9c ./Drivers/BSP/Components/wm8994/wm8994.o
                0x08002772                wm8994_SetOutputMode
 *fill*         0x0800280e        0x2 
 .text.wm8994_SetFrequency
                0x08002810       0x64 ./Drivers/BSP/Components/wm8994/wm8994.o
                0x08002810                wm8994_SetFrequency
 .text.wm8994_Reset
                0x08002874       0x20 ./Drivers/BSP/Components/wm8994/wm8994.o
                0x08002874                wm8994_Reset
 .text.wm8994_DeInit
                0x08002894        0x4 ./Drivers/BSP/Components/wm8994/wm8994.o
                0x08002894                wm8994_DeInit
 .text.wm8994_ReadID
                0x08002898       0x12 ./Drivers/BSP/Components/wm8994/wm8994.o
                0x08002898                wm8994_ReadID
 *fill*         0x080028aa        0x2 
 .text.wm8994_SetMute
                0x080028ac       0x44 ./Drivers/BSP/Components/wm8994/wm8994.o
                0x080028ac                wm8994_SetMute
 .text.wm8994_Play
                0x080028f0        0x6 ./Drivers/BSP/Components/wm8994/wm8994.o
                0x080028f0                wm8994_Play
 .text.wm8994_Resume
                0x080028f6        0x6 ./Drivers/BSP/Components/wm8994/wm8994.o
                0x080028f6                wm8994_Resume
 .text.wm8994_Pause
                0x080028fc       0x1a ./Drivers/BSP/Components/wm8994/wm8994.o
                0x080028fc                wm8994_Pause
 *fill*         0x08002916        0x2 
 .text.wm8994_SetVolume
                0x08002918      0x104 ./Drivers/BSP/Components/wm8994/wm8994.o
                0x08002918                wm8994_SetVolume
 .text.wm8994_Init
                0x08002a1c      0x564 ./Drivers/BSP/Components/wm8994/wm8994.o
                0x08002a1c                wm8994_Init
 .text.wm8994_Stop
                0x08002f80       0x6c ./Drivers/BSP/Components/wm8994/wm8994.o
                0x08002f80                wm8994_Stop
 .text.I2Cx_Init
                0x08002fec      0x15c ./Drivers/BSP/STM32746G-Discovery/stm32746g_discovery.o
 .text.I2Cx_WriteMultiple
                0x08003148       0x30 ./Drivers/BSP/STM32746G-Discovery/stm32746g_discovery.o
 .text.I2Cx_ReadMultiple
                0x08003178       0x30 ./Drivers/BSP/STM32746G-Discovery/stm32746g_discovery.o
 .text.AUDIO_IO_Init
                0x080031a8        0xc ./Drivers/BSP/STM32746G-Discovery/stm32746g_discovery.o
                0x080031a8                AUDIO_IO_Init
 .text.AUDIO_IO_DeInit
                0x080031b4        0x2 ./Drivers/BSP/STM32746G-Discovery/stm32746g_discovery.o
                0x080031b4                AUDIO_IO_DeInit
 *fill*         0x080031b6        0x2 
 .text.AUDIO_IO_Write
                0x080031b8       0x28 ./Drivers/BSP/STM32746G-Discovery/stm32746g_discovery.o
                0x080031b8                AUDIO_IO_Write
 .text.AUDIO_IO_Read
                0x080031e0       0x30 ./Drivers/BSP/STM32746G-Discovery/stm32746g_discovery.o
                0x080031e0                AUDIO_IO_Read
 .text.AUDIO_IO_Delay
                0x08003210        0x4 ./Drivers/BSP/STM32746G-Discovery/stm32746g_discovery.o
                0x08003210                AUDIO_IO_Delay
 .text.SAIx_In_DeInit
                0x08003214       0x20 ./Drivers/BSP/STM32746G-Discovery/stm32746g_discovery_audio.o
 .text.SAIx_In_Init
                0x08003234       0xdc ./Drivers/BSP/STM32746G-Discovery/stm32746g_discovery_audio.o
 .text.BSP_AUDIO_OUT_Error_CallBack
                0x08003310        0x2 ./Drivers/BSP/STM32746G-Discovery/stm32746g_discovery_audio.o
                0x08003310                BSP_AUDIO_OUT_Error_CallBack
 *fill*         0x08003312        0x2 
 .text.BSP_AUDIO_OUT_MspInit
                0x08003314      0x144 ./Drivers/BSP/STM32746G-Discovery/stm32746g_discovery_audio.o
                0x08003314                BSP_AUDIO_OUT_MspInit
 .text.BSP_AUDIO_OUT_ClockConfig
                0x08003458       0x62 ./Drivers/BSP/STM32746G-Discovery/stm32746g_discovery_audio.o
                0x08003458                BSP_AUDIO_OUT_ClockConfig
 *fill*         0x080034ba        0x2 
 .text.BSP_AUDIO_IN_Record
                0x080034bc       0x14 ./Drivers/BSP/STM32746G-Discovery/stm32746g_discovery_audio.o
                0x080034bc                BSP_AUDIO_IN_Record
 .text.BSP_AUDIO_IN_Stop
                0x080034d0       0x34 ./Drivers/BSP/STM32746G-Discovery/stm32746g_discovery_audio.o
                0x080034d0                BSP_AUDIO_IN_Stop
 .text.HAL_SAI_RxCpltCallback
                0x08003504        0x8 ./Drivers/BSP/STM32746G-Discovery/stm32746g_discovery_audio.o
                0x08003504                HAL_SAI_RxCpltCallback
 .text.HAL_SAI_RxHalfCpltCallback
                0x0800350c        0x8 ./Drivers/BSP/STM32746G-Discovery/stm32746g_discovery_audio.o
                0x0800350c                HAL_SAI_RxHalfCpltCallback
 .text.HAL_SAI_ErrorCallback
                0x08003514       0x34 ./Drivers/BSP/STM32746G-Discovery/stm32746g_discovery_audio.o
                0x08003514                HAL_SAI_ErrorCallback
 .text.BSP_AUDIO_IN_MspInit
                0x08003548      0x108 ./Drivers/BSP/STM32746G-Discovery/stm32746g_discovery_audio.o
                0x08003548                BSP_AUDIO_IN_MspInit
 .text.BSP_AUDIO_IN_InitEx
                0x08003650       0x90 ./Drivers/BSP/STM32746G-Discovery/stm32746g_discovery_audio.o
                0x08003650                BSP_AUDIO_IN_InitEx
 .text.BSP_AUDIO_IN_Init
                0x080036e0        0xe ./Drivers/BSP/STM32746G-Discovery/stm32746g_discovery_audio.o
                0x080036e0                BSP_AUDIO_IN_Init
 .text.HAL_Init
                0x080036ee       0x16 ./Drivers/STM32F7xx_HAL_Driver/Src/stm32f7xx_hal.o
                0x080036ee                HAL_Init
 .text.HAL_IncTick
                0x08003704       0x18 ./Drivers/STM32F7xx_HAL_Driver/Src/stm32f7xx_hal.o
                0x08003704                HAL_IncTick
 .text.HAL_GetTick
                0x0800371c        0xc ./Drivers/STM32F7xx_HAL_Driver/Src/stm32f7xx_hal.o
                0x0800371c                HAL_GetTick
 .text.HAL_Delay
                0x08003728       0x24 ./Drivers/STM32F7xx_HAL_Driver/Src/stm32f7xx_hal.o
                0x08003728                HAL_Delay
 .text.HAL_ADC_Init
                0x0800374c      0x14c ./Drivers/STM32F7xx_HAL_Driver/Src/stm32f7xx_hal_adc.o
                0x0800374c                HAL_ADC_Init
 .text.HAL_ADC_ConfigChannel
                0x08003898      0x15c ./Drivers/STM32F7xx_HAL_Driver/Src/stm32f7xx_hal_adc.o
                0x08003898                HAL_ADC_ConfigChannel
 .text.HAL_NVIC_SetPriorityGrouping
                0x080039f4       0x24 ./Drivers/STM32F7xx_HAL_Driver/Src/stm32f7xx_hal_cortex.o
                0x080039f4                HAL_NVIC_SetPriorityGrouping
 .text.HAL_NVIC_SetPriority
                0x08003a18       0x64 ./Drivers/STM32F7xx_HAL_Driver/Src/stm32f7xx_hal_cortex.o
                0x08003a18                HAL_NVIC_SetPriority
 .text.HAL_NVIC_EnableIRQ
                0x08003a7c       0x1c ./Drivers/STM32F7xx_HAL_Driver/Src/stm32f7xx_hal_cortex.o
                0x08003a7c                HAL_NVIC_EnableIRQ
 .text.HAL_CRC_Init
                0x08003a98       0x74 ./Drivers/STM32F7xx_HAL_Driver/Src/stm32f7xx_hal_crc.o
                0x08003a98                HAL_CRC_Init
 .text.HAL_CRCEx_Polynomial_Set
                0x08003b0c       0x4e ./Drivers/STM32F7xx_HAL_Driver/Src/stm32f7xx_hal_crc_ex.o
                0x08003b0c                HAL_CRCEx_Polynomial_Set
 *fill*         0x08003b5a        0x2 
 .text.HAL_DCMI_Init
                0x08003b5c       0x90 ./Drivers/STM32F7xx_HAL_Driver/Src/stm32f7xx_hal_dcmi.o
                0x08003b5c                HAL_DCMI_Init
 .text.DMA_CalcBaseAndBitshift
                0x08003bec       0x2c ./Drivers/STM32F7xx_HAL_Driver/Src/stm32f7xx_hal_dma.o
 .text.HAL_DMA_Init
                0x08003c18       0xfc ./Drivers/STM32F7xx_HAL_Driver/Src/stm32f7xx_hal_dma.o
                0x08003c18                HAL_DMA_Init
 .text.HAL_DMA_DeInit
                0x08003d14       0x54 ./Drivers/STM32F7xx_HAL_Driver/Src/stm32f7xx_hal_dma.o
                0x08003d14                HAL_DMA_DeInit
 .text.HAL_DMA_Start_IT
                0x08003d68       0x7a ./Drivers/STM32F7xx_HAL_Driver/Src/stm32f7xx_hal_dma.o
                0x08003d68                HAL_DMA_Start_IT
 .text.HAL_DMA_Abort
                0x08003de2       0x7c ./Drivers/STM32F7xx_HAL_Driver/Src/stm32f7xx_hal_dma.o
                0x08003de2                HAL_DMA_Abort
 .text.HAL_DMA_Abort_IT
                0x08003e5e       0x24 ./Drivers/STM32F7xx_HAL_Driver/Src/stm32f7xx_hal_dma.o
                0x08003e5e                HAL_DMA_Abort_IT
 *fill*         0x08003e82        0x2 
 .text.HAL_DMA_IRQHandler
                0x08003e84      0x17c ./Drivers/STM32F7xx_HAL_Driver/Src/stm32f7xx_hal_dma.o
                0x08003e84                HAL_DMA_IRQHandler
 .text.HAL_DMA_GetError
                0x08004000        0x4 ./Drivers/STM32F7xx_HAL_Driver/Src/stm32f7xx_hal_dma.o
                0x08004000                HAL_DMA_GetError
 .text.HAL_DMA2D_Init
                0x08004004       0x54 ./Drivers/STM32F7xx_HAL_Driver/Src/stm32f7xx_hal_dma2d.o
                0x08004004                HAL_DMA2D_Init
 .text.HAL_DMA2D_LineEventCallback
                0x08004058        0x2 ./Drivers/STM32F7xx_HAL_Driver/Src/stm32f7xx_hal_dma2d.o
                0x08004058                HAL_DMA2D_LineEventCallback
 .text.HAL_DMA2D_CLUTLoadingCpltCallback
                0x0800405a        0x2 ./Drivers/STM32F7xx_HAL_Driver/Src/stm32f7xx_hal_dma2d.o
                0x0800405a                HAL_DMA2D_CLUTLoadingCpltCallback
 .text.HAL_DMA2D_IRQHandler
                0x0800405c      0x114 ./Drivers/STM32F7xx_HAL_Driver/Src/stm32f7xx_hal_dma2d.o
                0x0800405c                HAL_DMA2D_IRQHandler
 .text.HAL_DMA2D_ConfigLayer
                0x08004170       0x8c ./Drivers/STM32F7xx_HAL_Driver/Src/stm32f7xx_hal_dma2d.o
                0x08004170                HAL_DMA2D_ConfigLayer
 .text.ETH_SetMACConfig
                0x080041fc       0xec ./Drivers/STM32F7xx_HAL_Driver/Src/stm32f7xx_hal_eth.o
 .text.ETH_SetDMAConfig
                0x080042e8       0xa4 ./Drivers/STM32F7xx_HAL_Driver/Src/stm32f7xx_hal_eth.o
 .text.HAL_ETH_Init
                0x0800438c      0x1f8 ./Drivers/STM32F7xx_HAL_Driver/Src/stm32f7xx_hal_eth.o
                0x0800438c                HAL_ETH_Init
 .text.HAL_GPIO_Init
                0x08004584      0x1c8 ./Drivers/STM32F7xx_HAL_Driver/Src/stm32f7xx_hal_gpio.o
                0x08004584                HAL_GPIO_Init
 .text.HAL_GPIO_DeInit
                0x0800474c      0x134 ./Drivers/STM32F7xx_HAL_Driver/Src/stm32f7xx_hal_gpio.o
                0x0800474c                HAL_GPIO_DeInit
 .text.HAL_GPIO_ReadPin
                0x08004880        0xc ./Drivers/STM32F7xx_HAL_Driver/Src/stm32f7xx_hal_gpio.o
                0x08004880                HAL_GPIO_ReadPin
 .text.HAL_GPIO_WritePin
                0x0800488c        0xa ./Drivers/STM32F7xx_HAL_Driver/Src/stm32f7xx_hal_gpio.o
                0x0800488c                HAL_GPIO_WritePin
 *fill*         0x08004896        0x2 
 .text.HAL_GPIO_EXTI_IRQHandler
                0x08004898       0x18 ./Drivers/STM32F7xx_HAL_Driver/Src/stm32f7xx_hal_gpio.o
                0x08004898                HAL_GPIO_EXTI_IRQHandler
 .text.HAL_HCD_IRQHandler
                0x080048b0      0x8c0 ./Drivers/STM32F7xx_HAL_Driver/Src/stm32f7xx_hal_hcd.o
                0x080048b0                HAL_HCD_IRQHandler
 .text.HAL_HCD_Stop
                0x08005170       0x24 ./Drivers/STM32F7xx_HAL_Driver/Src/stm32f7xx_hal_hcd.o
                0x08005170                HAL_HCD_Stop
 .text.I2C_Flush_TXDR
                0x08005194       0x1c ./Drivers/STM32F7xx_HAL_Driver/Src/stm32f7xx_hal_i2c.o
 .text.I2C_TransferConfig
                0x080051b0       0x2c ./Drivers/STM32F7xx_HAL_Driver/Src/stm32f7xx_hal_i2c.o
 .text.I2C_IsErrorOccurred
                0x080051dc      0x100 ./Drivers/STM32F7xx_HAL_Driver/Src/stm32f7xx_hal_i2c.o
 .text.I2C_WaitOnTXISFlagUntilTimeout
                0x080052dc       0x56 ./Drivers/STM32F7xx_HAL_Driver/Src/stm32f7xx_hal_i2c.o
 .text.I2C_WaitOnFlagUntilTimeout
                0x08005332       0x76 ./Drivers/STM32F7xx_HAL_Driver/Src/stm32f7xx_hal_i2c.o
 .text.I2C_WaitOnSTOPFlagUntilTimeout
                0x080053a8       0x52 ./Drivers/STM32F7xx_HAL_Driver/Src/stm32f7xx_hal_i2c.o
 .text.HAL_I2C_Init
                0x080053fa       0xaa ./Drivers/STM32F7xx_HAL_Driver/Src/stm32f7xx_hal_i2c.o
                0x080053fa                HAL_I2C_Init
 .text.HAL_I2C_DeInit
                0x080054a4       0x32 ./Drivers/STM32F7xx_HAL_Driver/Src/stm32f7xx_hal_i2c.o
                0x080054a4                HAL_I2C_DeInit
 *fill*         0x080054d6        0x2 
 .text.HAL_I2C_Mem_Write
                0x080054d8      0x1b4 ./Drivers/STM32F7xx_HAL_Driver/Src/stm32f7xx_hal_i2c.o
                0x080054d8                HAL_I2C_Mem_Write
 .text.HAL_I2C_Mem_Read
                0x0800568c      0x1bc ./Drivers/STM32F7xx_HAL_Driver/Src/stm32f7xx_hal_i2c.o
                0x0800568c                HAL_I2C_Mem_Read
 .text.HAL_I2C_GetState
                0x08005848        0x6 ./Drivers/STM32F7xx_HAL_Driver/Src/stm32f7xx_hal_i2c.o
                0x08005848                HAL_I2C_GetState
 .text.HAL_I2CEx_ConfigAnalogFilter
                0x0800584e       0x4c ./Drivers/STM32F7xx_HAL_Driver/Src/stm32f7xx_hal_i2c_ex.o
                0x0800584e                HAL_I2CEx_ConfigAnalogFilter
 .text.HAL_I2CEx_ConfigDigitalFilter
                0x0800589a       0x4a ./Drivers/STM32F7xx_HAL_Driver/Src/stm32f7xx_hal_i2c_ex.o
                0x0800589a                HAL_I2CEx_ConfigDigitalFilter
 .text.LTDC_SetConfig
                0x080058e4       0xec ./Drivers/STM32F7xx_HAL_Driver/Src/stm32f7xx_hal_ltdc.o
 .text.HAL_LTDC_Init
                0x080059d0       0xaa ./Drivers/STM32F7xx_HAL_Driver/Src/stm32f7xx_hal_ltdc.o
                0x080059d0                HAL_LTDC_Init
 .text.HAL_LTDC_ErrorCallback
                0x08005a7a        0x2 ./Drivers/STM32F7xx_HAL_Driver/Src/stm32f7xx_hal_ltdc.o
                0x08005a7a                HAL_LTDC_ErrorCallback
 .text.HAL_LTDC_LineEventCallback
                0x08005a7c        0x2 ./Drivers/STM32F7xx_HAL_Driver/Src/stm32f7xx_hal_ltdc.o
                0x08005a7c                HAL_LTDC_LineEventCallback
 .text.HAL_LTDC_ReloadEventCallback
                0x08005a7e        0x2 ./Drivers/STM32F7xx_HAL_Driver/Src/stm32f7xx_hal_ltdc.o
                0x08005a7e                HAL_LTDC_ReloadEventCallback
 .text.HAL_LTDC_IRQHandler
                0x08005a80       0xba ./Drivers/STM32F7xx_HAL_Driver/Src/stm32f7xx_hal_ltdc.o
                0x08005a80                HAL_LTDC_IRQHandler
 .text.HAL_LTDC_ConfigLayer
                0x08005b3a       0x5a ./Drivers/STM32F7xx_HAL_Driver/Src/stm32f7xx_hal_ltdc.o
                0x08005b3a                HAL_LTDC_ConfigLayer
 .text.HAL_PWR_EnableBkUpAccess
                0x08005b94       0x10 ./Drivers/STM32F7xx_HAL_Driver/Src/stm32f7xx_hal_pwr.o
                0x08005b94                HAL_PWR_EnableBkUpAccess
 .text.HAL_PWREx_EnableOverDrive
                0x08005ba4       0x70 ./Drivers/STM32F7xx_HAL_Driver/Src/stm32f7xx_hal_pwr_ex.o
                0x08005ba4                HAL_PWREx_EnableOverDrive
 .text.QSPI_WaitFlagStateUntilTimeout
                0x08005c14       0x50 ./Drivers/STM32F7xx_HAL_Driver/Src/stm32f7xx_hal_qspi.o
 .text.HAL_QSPI_Init
                0x08005c64       0xa4 ./Drivers/STM32F7xx_HAL_Driver/Src/stm32f7xx_hal_qspi.o
                0x08005c64                HAL_QSPI_Init
 .text.HAL_RCC_OscConfig
                0x08005d08      0x374 ./Drivers/STM32F7xx_HAL_Driver/Src/stm32f7xx_hal_rcc.o
                0x08005d08                HAL_RCC_OscConfig
 .text.HAL_RCC_GetSysClockFreq
                0x0800607c       0x5c ./Drivers/STM32F7xx_HAL_Driver/Src/stm32f7xx_hal_rcc.o
                0x0800607c                HAL_RCC_GetSysClockFreq
 .text.HAL_RCC_ClockConfig
                0x080060d8      0x13c ./Drivers/STM32F7xx_HAL_Driver/Src/stm32f7xx_hal_rcc.o
                0x080060d8                HAL_RCC_ClockConfig
 .text.HAL_RCC_GetPCLK1Freq
                0x08006214       0x20 ./Drivers/STM32F7xx_HAL_Driver/Src/stm32f7xx_hal_rcc.o
                0x08006214                HAL_RCC_GetPCLK1Freq
 .text.HAL_RCC_GetPCLK2Freq
                0x08006234       0x20 ./Drivers/STM32F7xx_HAL_Driver/Src/stm32f7xx_hal_rcc.o
                0x08006234                HAL_RCC_GetPCLK2Freq
 .text.HAL_RCC_GetClockConfig
                0x08006254       0x3c ./Drivers/STM32F7xx_HAL_Driver/Src/stm32f7xx_hal_rcc.o
                0x08006254                HAL_RCC_GetClockConfig
 .text.HAL_RCCEx_PeriphCLKConfig
                0x08006290      0x514 ./Drivers/STM32F7xx_HAL_Driver/Src/stm32f7xx_hal_rcc_ex.o
                0x08006290                HAL_RCCEx_PeriphCLKConfig
 .text.HAL_RCCEx_GetPeriphCLKConfig
                0x080067a4      0x158 ./Drivers/STM32F7xx_HAL_Driver/Src/stm32f7xx_hal_rcc_ex.o
                0x080067a4                HAL_RCCEx_GetPeriphCLKConfig
 .text.HAL_RCCEx_GetPeriphCLKFreq
                0x080068fc       0xd0 ./Drivers/STM32F7xx_HAL_Driver/Src/stm32f7xx_hal_rcc_ex.o
                0x080068fc                HAL_RCCEx_GetPeriphCLKFreq
 .text.HAL_RTC_WaitForSynchro
                0x080069cc       0x30 ./Drivers/STM32F7xx_HAL_Driver/Src/stm32f7xx_hal_rtc.o
                0x080069cc                HAL_RTC_WaitForSynchro
 .text.RTC_EnterInitMode
                0x080069fc       0x42 ./Drivers/STM32F7xx_HAL_Driver/Src/stm32f7xx_hal_rtc.o
                0x080069fc                RTC_EnterInitMode
 .text.RTC_ExitInitMode
                0x08006a3e       0x28 ./Drivers/STM32F7xx_HAL_Driver/Src/stm32f7xx_hal_rtc.o
                0x08006a3e                RTC_ExitInitMode
 .text.HAL_RTC_Init
                0x08006a66       0x90 ./Drivers/STM32F7xx_HAL_Driver/Src/stm32f7xx_hal_rtc.o
                0x08006a66                HAL_RTC_Init
 .text.RTC_ByteToBcd2
                0x08006af6       0x16 ./Drivers/STM32F7xx_HAL_Driver/Src/stm32f7xx_hal_rtc.o
                0x08006af6                RTC_ByteToBcd2
 .text.HAL_RTC_SetTime
                0x08006b0c       0xb2 ./Drivers/STM32F7xx_HAL_Driver/Src/stm32f7xx_hal_rtc.o
                0x08006b0c                HAL_RTC_SetTime
 .text.HAL_RTC_SetDate
                0x08006bbe       0x8c ./Drivers/STM32F7xx_HAL_Driver/Src/stm32f7xx_hal_rtc.o
                0x08006bbe                HAL_RTC_SetDate
 .text.HAL_RTC_SetAlarm
                0x08006c4a      0x148 ./Drivers/STM32F7xx_HAL_Driver/Src/stm32f7xx_hal_rtc.o
                0x08006c4a                HAL_RTC_SetAlarm
 .text.HAL_RTCEx_SetTimeStamp
                0x08006d92       0x5e ./Drivers/STM32F7xx_HAL_Driver/Src/stm32f7xx_hal_rtc_ex.o
                0x08006d92                HAL_RTCEx_SetTimeStamp
 .text.SAI_InterruptFlag
                0x08006df0       0x2c ./Drivers/STM32F7xx_HAL_Driver/Src/stm32f7xx_hal_sai.o
 .text.SAI_Disable.isra.0
                0x08006e1c       0x38 ./Drivers/STM32F7xx_HAL_Driver/Src/stm32f7xx_hal_sai.o
 .text.HAL_SAI_Init
                0x08006e54      0x1b8 ./Drivers/STM32F7xx_HAL_Driver/Src/stm32f7xx_hal_sai.o
                0x08006e54                HAL_SAI_Init
 .text.HAL_SAI_DeInit
                0x0800700c       0x3c ./Drivers/STM32F7xx_HAL_Driver/Src/stm32f7xx_hal_sai.o
                0x0800700c                HAL_SAI_DeInit
 .text.HAL_SAI_DMAStop
                0x08007048       0x92 ./Drivers/STM32F7xx_HAL_Driver/Src/stm32f7xx_hal_sai.o
                0x08007048                HAL_SAI_DMAStop
 *fill*         0x080070da        0x2 
 .text.HAL_SAI_Receive_DMA
                0x080070dc       0x9c ./Drivers/STM32F7xx_HAL_Driver/Src/stm32f7xx_hal_sai.o
                0x080070dc                HAL_SAI_Receive_DMA
 .text.SAI_DMARxCplt
                0x08007178       0x38 ./Drivers/STM32F7xx_HAL_Driver/Src/stm32f7xx_hal_sai.o
 .text.SAI_DMARxHalfCplt
                0x080071b0        0xa ./Drivers/STM32F7xx_HAL_Driver/Src/stm32f7xx_hal_sai.o
 .text.SAI_DMAError
                0x080071ba       0x40 ./Drivers/STM32F7xx_HAL_Driver/Src/stm32f7xx_hal_sai.o
 .text.HAL_SAI_GetState
                0x080071fa        0x6 ./Drivers/STM32F7xx_HAL_Driver/Src/stm32f7xx_hal_sai.o
                0x080071fa                HAL_SAI_GetState
 .text.SD_DMATransmitCplt
                0x08007200        0xe ./Drivers/STM32F7xx_HAL_Driver/Src/stm32f7xx_hal_sd.o
 .text.SD_FindSCR.constprop.0
                0x0800720e       0xcc ./Drivers/STM32F7xx_HAL_Driver/Src/stm32f7xx_hal_sd.o
 *fill*         0x080072da        0x2 
 .text.HAL_SD_ReadBlocks_DMA
                0x080072dc      0x118 ./Drivers/STM32F7xx_HAL_Driver/Src/stm32f7xx_hal_sd.o
                0x080072dc                HAL_SD_ReadBlocks_DMA
 .text.HAL_SD_WriteBlocks_DMA
                0x080073f4      0x110 ./Drivers/STM32F7xx_HAL_Driver/Src/stm32f7xx_hal_sd.o
                0x080073f4                HAL_SD_WriteBlocks_DMA
 .text.HAL_SD_ErrorCallback
                0x08007504        0x2 ./Drivers/STM32F7xx_HAL_Driver/Src/stm32f7xx_hal_sd.o
                0x08007504                HAL_SD_ErrorCallback
 .text.SD_DMAReceiveCplt
                0x08007506       0x40 ./Drivers/STM32F7xx_HAL_Driver/Src/stm32f7xx_hal_sd.o
 *fill*         0x08007546        0x2 
 .text.HAL_SD_GetCardCSD
                0x08007548      0x16c ./Drivers/STM32F7xx_HAL_Driver/Src/stm32f7xx_hal_sd.o
                0x08007548                HAL_SD_GetCardCSD
 .text.HAL_SD_InitCard
                0x080076b4      0x208 ./Drivers/STM32F7xx_HAL_Driver/Src/stm32f7xx_hal_sd.o
                0x080076b4                HAL_SD_InitCard
 .text.HAL_SD_Init
                0x080078bc       0x36 ./Drivers/STM32F7xx_HAL_Driver/Src/stm32f7xx_hal_sd.o
                0x080078bc                HAL_SD_Init
 .text.HAL_SD_GetCardInfo
                0x080078f2       0x24 ./Drivers/STM32F7xx_HAL_Driver/Src/stm32f7xx_hal_sd.o
                0x080078f2                HAL_SD_GetCardInfo
 *fill*         0x08007916        0x2 
 .text.HAL_SD_ConfigWideBusOperation
                0x08007918      0x114 ./Drivers/STM32F7xx_HAL_Driver/Src/stm32f7xx_hal_sd.o
                0x08007918                HAL_SD_ConfigWideBusOperation
 .text.HAL_SD_GetCardState
                0x08007a2c       0x28 ./Drivers/STM32F7xx_HAL_Driver/Src/stm32f7xx_hal_sd.o
                0x08007a2c                HAL_SD_GetCardState
 .text.SD_DMAError
                0x08007a54       0x60 ./Drivers/STM32F7xx_HAL_Driver/Src/stm32f7xx_hal_sd.o
 .text.SD_DMATxAbort
                0x08007ab4       0x40 ./Drivers/STM32F7xx_HAL_Driver/Src/stm32f7xx_hal_sd.o
 .text.HAL_SD_IRQHandler
                0x08007af4      0x200 ./Drivers/STM32F7xx_HAL_Driver/Src/stm32f7xx_hal_sd.o
                0x08007af4                HAL_SD_IRQHandler
 .text.SD_DMARxAbort
                0x08007cf4        0x4 ./Drivers/STM32F7xx_HAL_Driver/Src/stm32f7xx_hal_sd.o
 .text.HAL_SDRAM_Init
                0x08007cf8       0x40 ./Drivers/STM32F7xx_HAL_Driver/Src/stm32f7xx_hal_sdram.o
                0x08007cf8                HAL_SDRAM_Init
 .text.HAL_SPDIFRX_Init
                0x08007d38       0x6e ./Drivers/STM32F7xx_HAL_Driver/Src/stm32f7xx_hal_spdifrx.o
                0x08007d38                HAL_SPDIFRX_Init
 *fill*         0x08007da6        0x2 
 .text.TIM_OC1_SetConfig
                0x08007da8       0x5c ./Drivers/STM32F7xx_HAL_Driver/Src/stm32f7xx_hal_tim.o
 .text.TIM_OC3_SetConfig
                0x08007e04       0x60 ./Drivers/STM32F7xx_HAL_Driver/Src/stm32f7xx_hal_tim.o
 .text.TIM_OC4_SetConfig
                0x08007e64       0x50 ./Drivers/STM32F7xx_HAL_Driver/Src/stm32f7xx_hal_tim.o
 .text.TIM_OC5_SetConfig
                0x08007eb4       0x50 ./Drivers/STM32F7xx_HAL_Driver/Src/stm32f7xx_hal_tim.o
 .text.TIM_OC6_SetConfig
                0x08007f04       0x50 ./Drivers/STM32F7xx_HAL_Driver/Src/stm32f7xx_hal_tim.o
 .text.HAL_TIM_Base_Start_IT
                0x08007f54       0x7c ./Drivers/STM32F7xx_HAL_Driver/Src/stm32f7xx_hal_tim.o
                0x08007f54                HAL_TIM_Base_Start_IT
 .text.HAL_TIM_OC_DelayElapsedCallback
                0x08007fd0        0x2 ./Drivers/STM32F7xx_HAL_Driver/Src/stm32f7xx_hal_tim.o
                0x08007fd0                HAL_TIM_OC_DelayElapsedCallback
 .text.HAL_TIM_IC_CaptureCallback
                0x08007fd2        0x2 ./Drivers/STM32F7xx_HAL_Driver/Src/stm32f7xx_hal_tim.o
                0x08007fd2                HAL_TIM_IC_CaptureCallback
 .text.HAL_TIM_PWM_PulseFinishedCallback
                0x08007fd4        0x2 ./Drivers/STM32F7xx_HAL_Driver/Src/stm32f7xx_hal_tim.o
                0x08007fd4                HAL_TIM_PWM_PulseFinishedCallback
 .text.HAL_TIM_TriggerCallback
                0x08007fd6        0x2 ./Drivers/STM32F7xx_HAL_Driver/Src/stm32f7xx_hal_tim.o
                0x08007fd6                HAL_TIM_TriggerCallback
 .text.HAL_TIM_IRQHandler
                0x08007fd8      0x140 ./Drivers/STM32F7xx_HAL_Driver/Src/stm32f7xx_hal_tim.o
                0x08007fd8                HAL_TIM_IRQHandler
 .text.TIM_Base_SetConfig
                0x08008118       0xa8 ./Drivers/STM32F7xx_HAL_Driver/Src/stm32f7xx_hal_tim.o
                0x08008118                TIM_Base_SetConfig
 .text.HAL_TIM_Base_Init
                0x080081c0       0x60 ./Drivers/STM32F7xx_HAL_Driver/Src/stm32f7xx_hal_tim.o
                0x080081c0                HAL_TIM_Base_Init
 .text.HAL_TIM_PWM_Init
                0x08008220       0x60 ./Drivers/STM32F7xx_HAL_Driver/Src/stm32f7xx_hal_tim.o
                0x08008220                HAL_TIM_PWM_Init
 .text.TIM_OC2_SetConfig
                0x08008280       0x64 ./Drivers/STM32F7xx_HAL_Driver/Src/stm32f7xx_hal_tim.o
                0x08008280                TIM_OC2_SetConfig
 .text.HAL_TIM_PWM_ConfigChannel
                0x080082e4       0xf8 ./Drivers/STM32F7xx_HAL_Driver/Src/stm32f7xx_hal_tim.o
                0x080082e4                HAL_TIM_PWM_ConfigChannel
 .text.TIM_ETR_SetConfig
                0x080083dc       0x14 ./Drivers/STM32F7xx_HAL_Driver/Src/stm32f7xx_hal_tim.o
                0x080083dc                TIM_ETR_SetConfig
 .text.HAL_TIM_ConfigClockSource
                0x080083f0      0x130 ./Drivers/STM32F7xx_HAL_Driver/Src/stm32f7xx_hal_tim.o
                0x080083f0                HAL_TIM_ConfigClockSource
 .text.HAL_TIMEx_MasterConfigSynchronization
                0x08008520       0x94 ./Drivers/STM32F7xx_HAL_Driver/Src/stm32f7xx_hal_tim_ex.o
                0x08008520                HAL_TIMEx_MasterConfigSynchronization
 .text.HAL_TIMEx_ConfigBreakDeadTime
                0x080085b4       0x84 ./Drivers/STM32F7xx_HAL_Driver/Src/stm32f7xx_hal_tim_ex.o
                0x080085b4                HAL_TIMEx_ConfigBreakDeadTime
 .text.HAL_TIMEx_CommutCallback
                0x08008638        0x2 ./Drivers/STM32F7xx_HAL_Driver/Src/stm32f7xx_hal_tim_ex.o
                0x08008638                HAL_TIMEx_CommutCallback
 .text.HAL_TIMEx_BreakCallback
                0x0800863a        0x2 ./Drivers/STM32F7xx_HAL_Driver/Src/stm32f7xx_hal_tim_ex.o
                0x0800863a                HAL_TIMEx_BreakCallback
 .text.HAL_TIMEx_Break2Callback
                0x0800863c        0x2 ./Drivers/STM32F7xx_HAL_Driver/Src/stm32f7xx_hal_tim_ex.o
                0x0800863c                HAL_TIMEx_Break2Callback
 .text.UART_EndRxTransfer
                0x0800863e       0x50 ./Drivers/STM32F7xx_HAL_Driver/Src/stm32f7xx_hal_uart.o
 *fill*         0x0800868e        0x2 
 .text.UART_SetConfig
                0x08008690      0x1fc ./Drivers/STM32F7xx_HAL_Driver/Src/stm32f7xx_hal_uart.o
                0x08008690                UART_SetConfig
 .text.UART_AdvFeatureConfig
                0x0800888c       0xaa ./Drivers/STM32F7xx_HAL_Driver/Src/stm32f7xx_hal_uart.o
                0x0800888c                UART_AdvFeatureConfig
 .text.UART_WaitOnFlagUntilTimeout
                0x08008936       0x90 ./Drivers/STM32F7xx_HAL_Driver/Src/stm32f7xx_hal_uart.o
                0x08008936                UART_WaitOnFlagUntilTimeout
 .text.HAL_UART_Transmit
                0x080089c6       0xa2 ./Drivers/STM32F7xx_HAL_Driver/Src/stm32f7xx_hal_uart.o
                0x080089c6                HAL_UART_Transmit
 .text.UART_CheckIdleState
                0x08008a68       0x5e ./Drivers/STM32F7xx_HAL_Driver/Src/stm32f7xx_hal_uart.o
                0x08008a68                UART_CheckIdleState
 .text.HAL_UART_Init
                0x08008ac6       0x5c ./Drivers/STM32F7xx_HAL_Driver/Src/stm32f7xx_hal_uart.o
                0x08008ac6                HAL_UART_Init
 .text.FMC_SDRAM_Init
                0x08008b22       0x6c ./Drivers/STM32F7xx_HAL_Driver/Src/stm32f7xx_ll_fmc.o
                0x08008b22                FMC_SDRAM_Init
 .text.FMC_SDRAM_Timing_Init
                0x08008b8e       0x6c ./Drivers/STM32F7xx_HAL_Driver/Src/stm32f7xx_ll_fmc.o
                0x08008b8e                FMC_SDRAM_Timing_Init
 .text.SDMMC_Init
                0x08008bfa       0x38 ./Drivers/STM32F7xx_HAL_Driver/Src/stm32f7xx_ll_sdmmc.o
                0x08008bfa                SDMMC_Init
 .text.SDMMC_ReadFIFO
                0x08008c32        0x6 ./Drivers/STM32F7xx_HAL_Driver/Src/stm32f7xx_ll_sdmmc.o
                0x08008c32                SDMMC_ReadFIFO
 .text.SDMMC_WriteFIFO
                0x08008c38        0xa ./Drivers/STM32F7xx_HAL_Driver/Src/stm32f7xx_ll_sdmmc.o
                0x08008c38                SDMMC_WriteFIFO
 .text.SDMMC_PowerState_ON
                0x08008c42        0x8 ./Drivers/STM32F7xx_HAL_Driver/Src/stm32f7xx_ll_sdmmc.o
                0x08008c42                SDMMC_PowerState_ON
 .text.SDMMC_GetPowerState
                0x08008c4a        0x8 ./Drivers/STM32F7xx_HAL_Driver/Src/stm32f7xx_ll_sdmmc.o
                0x08008c4a                SDMMC_GetPowerState
 .text.SDMMC_SendCommand
                0x08008c52       0x22 ./Drivers/STM32F7xx_HAL_Driver/Src/stm32f7xx_ll_sdmmc.o
                0x08008c52                SDMMC_SendCommand
 .text.SDMMC_GetResponse
                0x08008c74        0x6 ./Drivers/STM32F7xx_HAL_Driver/Src/stm32f7xx_ll_sdmmc.o
                0x08008c74                SDMMC_GetResponse
 .text.SDMMC_ConfigData
                0x08008c7a       0x26 ./Drivers/STM32F7xx_HAL_Driver/Src/stm32f7xx_ll_sdmmc.o
                0x08008c7a                SDMMC_ConfigData
 .text.SDMMC_CmdGoIdleState
                0x08008ca0       0x4c ./Drivers/STM32F7xx_HAL_Driver/Src/stm32f7xx_ll_sdmmc.o
                0x08008ca0                SDMMC_CmdGoIdleState
 .text.SDMMC_GetCmdResp1
                0x08008cec      0x11c ./Drivers/STM32F7xx_HAL_Driver/Src/stm32f7xx_ll_sdmmc.o
                0x08008cec                SDMMC_GetCmdResp1
 .text.SDMMC_CmdBlockLength
                0x08008e08       0x32 ./Drivers/STM32F7xx_HAL_Driver/Src/stm32f7xx_ll_sdmmc.o
                0x08008e08                SDMMC_CmdBlockLength
 .text.SDMMC_CmdReadSingleBlock
                0x08008e3a       0x32 ./Drivers/STM32F7xx_HAL_Driver/Src/stm32f7xx_ll_sdmmc.o
                0x08008e3a                SDMMC_CmdReadSingleBlock
 .text.SDMMC_CmdReadMultiBlock
                0x08008e6c       0x32 ./Drivers/STM32F7xx_HAL_Driver/Src/stm32f7xx_ll_sdmmc.o
                0x08008e6c                SDMMC_CmdReadMultiBlock
 .text.SDMMC_CmdWriteSingleBlock
                0x08008e9e       0x32 ./Drivers/STM32F7xx_HAL_Driver/Src/stm32f7xx_ll_sdmmc.o
                0x08008e9e                SDMMC_CmdWriteSingleBlock
 .text.SDMMC_CmdWriteMultiBlock
                0x08008ed0       0x32 ./Drivers/STM32F7xx_HAL_Driver/Src/stm32f7xx_ll_sdmmc.o
                0x08008ed0                SDMMC_CmdWriteMultiBlock
 *fill*         0x08008f02        0x2 
 .text.SDMMC_CmdStopTransfer
                0x08008f04       0x34 ./Drivers/STM32F7xx_HAL_Driver/Src/stm32f7xx_ll_sdmmc.o
                0x08008f04                SDMMC_CmdStopTransfer
 .text.SDMMC_CmdSelDesel
                0x08008f38       0x32 ./Drivers/STM32F7xx_HAL_Driver/Src/stm32f7xx_ll_sdmmc.o
                0x08008f38                SDMMC_CmdSelDesel
 .text.SDMMC_CmdAppCommand
                0x08008f6a       0x32 ./Drivers/STM32F7xx_HAL_Driver/Src/stm32f7xx_ll_sdmmc.o
                0x08008f6a                SDMMC_CmdAppCommand
 .text.SDMMC_CmdBusWidth
                0x08008f9c       0x32 ./Drivers/STM32F7xx_HAL_Driver/Src/stm32f7xx_ll_sdmmc.o
                0x08008f9c                SDMMC_CmdBusWidth
 .text.SDMMC_CmdSendSCR
                0x08008fce       0x32 ./Drivers/STM32F7xx_HAL_Driver/Src/stm32f7xx_ll_sdmmc.o
                0x08008fce                SDMMC_CmdSendSCR
 .text.SDMMC_CmdSendStatus
                0x08009000       0x32 ./Drivers/STM32F7xx_HAL_Driver/Src/stm32f7xx_ll_sdmmc.o
                0x08009000                SDMMC_CmdSendStatus
 *fill*         0x08009032        0x2 
 .text.SDMMC_GetCmdResp2
                0x08009034       0x4c ./Drivers/STM32F7xx_HAL_Driver/Src/stm32f7xx_ll_sdmmc.o
                0x08009034                SDMMC_GetCmdResp2
 .text.SDMMC_CmdSendCID
                0x08009080       0x2c ./Drivers/STM32F7xx_HAL_Driver/Src/stm32f7xx_ll_sdmmc.o
                0x08009080                SDMMC_CmdSendCID
 .text.SDMMC_CmdSendCSD
                0x080090ac       0x2c ./Drivers/STM32F7xx_HAL_Driver/Src/stm32f7xx_ll_sdmmc.o
                0x080090ac                SDMMC_CmdSendCSD
 .text.SDMMC_GetCmdResp3
                0x080090d8       0x44 ./Drivers/STM32F7xx_HAL_Driver/Src/stm32f7xx_ll_sdmmc.o
                0x080090d8                SDMMC_GetCmdResp3
 .text.SDMMC_CmdAppOperCommand
                0x0800911c       0x34 ./Drivers/STM32F7xx_HAL_Driver/Src/stm32f7xx_ll_sdmmc.o
                0x0800911c                SDMMC_CmdAppOperCommand
 .text.SDMMC_GetCmdResp6
                0x08009150       0x80 ./Drivers/STM32F7xx_HAL_Driver/Src/stm32f7xx_ll_sdmmc.o
                0x08009150                SDMMC_GetCmdResp6
 .text.SDMMC_CmdSetRelAdd
                0x080091d0       0x32 ./Drivers/STM32F7xx_HAL_Driver/Src/stm32f7xx_ll_sdmmc.o
                0x080091d0                SDMMC_CmdSetRelAdd
 *fill*         0x08009202        0x2 
 .text.SDMMC_GetCmdResp7
                0x08009204       0x54 ./Drivers/STM32F7xx_HAL_Driver/Src/stm32f7xx_ll_sdmmc.o
                0x08009204                SDMMC_GetCmdResp7
 .text.SDMMC_CmdOperCond
                0x08009258       0x30 ./Drivers/STM32F7xx_HAL_Driver/Src/stm32f7xx_ll_sdmmc.o
                0x08009258                SDMMC_CmdOperCond
 .text.USB_FlushTxFifo
                0x08009288       0x46 ./Drivers/STM32F7xx_HAL_Driver/Src/stm32f7xx_ll_usb.o
                0x08009288                USB_FlushTxFifo
 .text.USB_FlushRxFifo
                0x080092ce       0x42 ./Drivers/STM32F7xx_HAL_Driver/Src/stm32f7xx_ll_usb.o
                0x080092ce                USB_FlushRxFifo
 .text.USB_ReadPacket
                0x08009310       0x40 ./Drivers/STM32F7xx_HAL_Driver/Src/stm32f7xx_ll_usb.o
                0x08009310                USB_ReadPacket
 .text.USB_ReadInterrupts
                0x08009350        0x8 ./Drivers/STM32F7xx_HAL_Driver/Src/stm32f7xx_ll_usb.o
                0x08009350                USB_ReadInterrupts
 .text.USB_ReadChInterrupts
                0x08009358       0x12 ./Drivers/STM32F7xx_HAL_Driver/Src/stm32f7xx_ll_usb.o
                0x08009358                USB_ReadChInterrupts
 .text.USB_GetMode
                0x0800936a        0x8 ./Drivers/STM32F7xx_HAL_Driver/Src/stm32f7xx_ll_usb.o
                0x0800936a                USB_GetMode
 .text.USB_InitFSLSPClkSel
                0x08009372       0x3e ./Drivers/STM32F7xx_HAL_Driver/Src/stm32f7xx_ll_usb.o
                0x08009372                USB_InitFSLSPClkSel
 .text.USB_HC_ReadInterrupt
                0x080093b0        0xa ./Drivers/STM32F7xx_HAL_Driver/Src/stm32f7xx_ll_usb.o
                0x080093b0                USB_HC_ReadInterrupt
 .text.USB_HC_Halt
                0x080093ba       0xd0 ./Drivers/STM32F7xx_HAL_Driver/Src/stm32f7xx_ll_usb.o
                0x080093ba                USB_HC_Halt
 .text.USB_StopHost
                0x0800948a       0x80 ./Drivers/STM32F7xx_HAL_Driver/Src/stm32f7xx_ll_usb.o
                0x0800948a                USB_StopHost
 *fill*         0x0800950a        0x2 
 .text.MX_FATFS_Init
                0x0800950c       0x1c ./FATFS/App/fatfs.o
                0x0800950c                MX_FATFS_Init
 .text.get_fattime
                0x08009528        0x4 ./FATFS/App/fatfs.o
                0x08009528                get_fattime
 .text.BSP_SD_ReadBlocks_DMA
                0x0800952c       0x1c ./FATFS/Target/bsp_driver_sd.o
                0x0800952c                BSP_SD_ReadBlocks_DMA
 .text.BSP_SD_WriteBlocks_DMA
                0x08009548       0x1c ./FATFS/Target/bsp_driver_sd.o
                0x08009548                BSP_SD_WriteBlocks_DMA
 .text.BSP_SD_GetCardState
                0x08009564       0x14 ./FATFS/Target/bsp_driver_sd.o
                0x08009564                BSP_SD_GetCardState
 .text.BSP_SD_GetCardInfo
                0x08009578        0xc ./FATFS/Target/bsp_driver_sd.o
                0x08009578                BSP_SD_GetCardInfo
 .text.BSP_SD_AbortCallback
                0x08009584        0x2 ./FATFS/Target/bsp_driver_sd.o
                0x08009584                BSP_SD_AbortCallback
 .text.HAL_SD_AbortCallback
                0x08009586        0x8 ./FATFS/Target/bsp_driver_sd.o
                0x08009586                HAL_SD_AbortCallback
 .text.HAL_SD_TxCpltCallback
                0x0800958e        0x8 ./FATFS/Target/bsp_driver_sd.o
                0x0800958e                HAL_SD_TxCpltCallback
 .text.HAL_SD_RxCpltCallback
                0x08009596        0x8 ./FATFS/Target/bsp_driver_sd.o
                0x08009596                HAL_SD_RxCpltCallback
 .text.BSP_SD_IsDetected
                0x0800959e       0x1c ./FATFS/Target/bsp_driver_sd.o
                0x0800959e                BSP_SD_IsDetected
 *fill*         0x080095ba        0x2 
 .text.BSP_SD_Init
                0x080095bc       0x2c ./FATFS/Target/bsp_driver_sd.o
                0x080095bc                BSP_SD_Init
 .text.BSP_PlatformIsDetected
                0x080095e8       0x18 ./FATFS/Target/fatfs_platform.o
                0x080095e8                BSP_PlatformIsDetected
 .text.SD_ioctl
                0x08009600       0x50 ./FATFS/Target/sd_diskio.o
                0x08009600                SD_ioctl
 .text.SD_CheckStatusWithTimeout.constprop.0
                0x08009650       0x26 ./FATFS/Target/sd_diskio.o
 *fill*         0x08009676        0x2 
 .text.SD_write
                0x08009678       0x60 ./FATFS/Target/sd_diskio.o
                0x08009678                SD_write
 .text.SD_read  0x080096d8       0x60 ./FATFS/Target/sd_diskio.o
                0x080096d8                SD_read
 .text.SD_status
                0x08009738       0x20 ./FATFS/Target/sd_diskio.o
                0x08009738                SD_status
 .text.SD_initialize
                0x08009758       0x68 ./FATFS/Target/sd_diskio.o
                0x08009758                SD_initialize
 .text.BSP_SD_WriteCpltCallback
                0x080097c0       0x10 ./FATFS/Target/sd_diskio.o
                0x080097c0                BSP_SD_WriteCpltCallback
 .text.BSP_SD_ReadCpltCallback
                0x080097d0       0x10 ./FATFS/Target/sd_diskio.o
                0x080097d0                BSP_SD_ReadCpltCallback
 .text.USBH_OS_PutMessage.constprop.0
                0x080097e0       0x2a ./Middlewares/ST/STM32_USB_Host_Library/Core/Src/usbh_core.o
 .text.USBH_LL_IncTimer
                0x0800980a       0x1c ./Middlewares/ST/STM32_USB_Host_Library/Core/Src/usbh_core.o
                0x0800980a                USBH_LL_IncTimer
 .text.USBH_LL_PortEnabled
                0x08009826        0xc ./Middlewares/ST/STM32_USB_Host_Library/Core/Src/usbh_core.o
                0x08009826                USBH_LL_PortEnabled
 .text.USBH_LL_PortDisabled
                0x08009832        0xe ./Middlewares/ST/STM32_USB_Host_Library/Core/Src/usbh_core.o
                0x08009832                USBH_LL_PortDisabled
 .text.USBH_LL_Connect
                0x08009840       0x1c ./Middlewares/ST/STM32_USB_Host_Library/Core/Src/usbh_core.o
                0x08009840                USBH_LL_Connect
 .text.USBH_LL_Disconnect
                0x0800985c       0x36 ./Middlewares/ST/STM32_USB_Host_Library/Core/Src/usbh_core.o
                0x0800985c                USBH_LL_Disconnect
 .text.USBH_LL_NotifyURBChange
                0x08009892        0xe ./Middlewares/ST/STM32_USB_Host_Library/Core/Src/usbh_core.o
                0x08009892                USBH_LL_NotifyURBChange
 .text.USBH_FreePipe
                0x080098a0       0x18 ./Middlewares/ST/STM32_USB_Host_Library/Core/Src/usbh_pipes.o
                0x080098a0                USBH_FreePipe
 .text.disk_status
                0x080098b8       0x14 ./Middlewares/Third_Party/FatFs/src/diskio.o
                0x080098b8                disk_status
 .text.disk_initialize
                0x080098cc       0x20 ./Middlewares/Third_Party/FatFs/src/diskio.o
                0x080098cc                disk_initialize
 .text.disk_read
                0x080098ec       0x1c ./Middlewares/Third_Party/FatFs/src/diskio.o
                0x080098ec                disk_read
 .text.disk_write
                0x08009908       0x1c ./Middlewares/Third_Party/FatFs/src/diskio.o
                0x08009908                disk_write
 .text.disk_ioctl
                0x08009924       0x1c ./Middlewares/Third_Party/FatFs/src/diskio.o
                0x08009924                disk_ioctl
 .text.ld_dword
                0x08009940        0x4 ./Middlewares/Third_Party/FatFs/src/ff.o
 .text.st_dword
                0x08009944       0x10 ./Middlewares/Third_Party/FatFs/src/ff.o
 .text.mem_set  0x08009954        0xc ./Middlewares/Third_Party/FatFs/src/ff.o
 .text.chk_lock
                0x08009960       0x74 ./Middlewares/Third_Party/FatFs/src/ff.o
 .text.inc_lock
                0x080099d4       0x84 ./Middlewares/Third_Party/FatFs/src/ff.o
 .text.dec_lock
                0x08009a58       0x3c ./Middlewares/Third_Party/FatFs/src/ff.o
 .text.clear_lock
                0x08009a94       0x1c ./Middlewares/Third_Party/FatFs/src/ff.o
 .text.clust2sect
                0x08009ab0       0x16 ./Middlewares/Third_Party/FatFs/src/ff.o
 .text.clmt_clust
                0x08009ac6       0x22 ./Middlewares/Third_Party/FatFs/src/ff.o
 .text.get_ldnumber
                0x08009ae8       0x30 ./Middlewares/Third_Party/FatFs/src/ff.o
 .text.sync_window
                0x08009b18       0x4a ./Middlewares/Third_Party/FatFs/src/ff.o
 .text.mem_cpy.part.0
                0x08009b62       0x12 ./Middlewares/Third_Party/FatFs/src/ff.o
 .text.st_clust
                0x08009b74       0x18 ./Middlewares/Third_Party/FatFs/src/ff.o
 .text.move_window
                0x08009b8c       0x32 ./Middlewares/Third_Party/FatFs/src/ff.o
 *fill*         0x08009bbe        0x2 
 .text.check_fs
                0x08009bc0       0x78 ./Middlewares/Third_Party/FatFs/src/ff.o
 .text.find_volume
                0x08009c38      0x25c ./Middlewares/Third_Party/FatFs/src/ff.o
 .text.put_fat  0x08009e94       0xf0 ./Middlewares/Third_Party/FatFs/src/ff.o
 .text.sync_fs  0x08009f84       0x96 ./Middlewares/Third_Party/FatFs/src/ff.o
 .text.unlock_fs
                0x0800a01a       0x16 ./Middlewares/Third_Party/FatFs/src/ff.o
 .text.ld_clust.isra.0
                0x0800a030       0x10 ./Middlewares/Third_Party/FatFs/src/ff.o
 .text.get_fat.isra.0
                0x0800a040       0xac ./Middlewares/Third_Party/FatFs/src/ff.o
 .text.dir_sdi.constprop.0
                0x0800a0ec       0x70 ./Middlewares/Third_Party/FatFs/src/ff.o
 .text.remove_chain
                0x0800a15c       0x6e ./Middlewares/Third_Party/FatFs/src/ff.o
 .text.create_chain
                0x0800a1ca       0xb0 ./Middlewares/Third_Party/FatFs/src/ff.o
 .text.dir_next
                0x0800a27a       0xec ./Middlewares/Third_Party/FatFs/src/ff.o
 *fill*         0x0800a366        0x2 
 .text.follow_path
                0x0800a368      0x180 ./Middlewares/Third_Party/FatFs/src/ff.o
 .text.dir_register
                0x0800a4e8       0x62 ./Middlewares/Third_Party/FatFs/src/ff.o
 .text.validate
                0x0800a54a       0x52 ./Middlewares/Third_Party/FatFs/src/ff.o
 .text.f_mount  0x0800a59c       0x80 ./Middlewares/Third_Party/FatFs/src/ff.o
                0x0800a59c                f_mount
 .text.f_open   0x0800a61c      0x204 ./Middlewares/Third_Party/FatFs/src/ff.o
                0x0800a61c                f_open
 .text.f_write  0x0800a820      0x1b8 ./Middlewares/Third_Party/FatFs/src/ff.o
                0x0800a820                f_write
 .text.f_sync   0x0800a9d8       0xa6 ./Middlewares/Third_Party/FatFs/src/ff.o
                0x0800a9d8                f_sync
 .text.f_close  0x0800aa7e       0x32 ./Middlewares/Third_Party/FatFs/src/ff.o
                0x0800aa7e                f_close
 .text.f_lseek  0x0800aab0      0x222 ./Middlewares/Third_Party/FatFs/src/ff.o
                0x0800aab0                f_lseek
 *fill*         0x0800acd2        0x2 
 .text.FATFS_LinkDriverEx
                0x0800acd4       0x40 ./Middlewares/Third_Party/FatFs/src/ff_gen_drv.o
                0x0800acd4                FATFS_LinkDriverEx
 .text.FATFS_LinkDriver
                0x0800ad14        0x6 ./Middlewares/Third_Party/FatFs/src/ff_gen_drv.o
                0x0800ad14                FATFS_LinkDriver
 .text.ff_cre_syncobj
                0x0800ad1a       0x1e ./Middlewares/Third_Party/FatFs/src/option/syscall.o
                0x0800ad1a                ff_cre_syncobj
 .text.ff_del_syncobj
                0x0800ad38        0xa ./Middlewares/Third_Party/FatFs/src/option/syscall.o
                0x0800ad38                ff_del_syncobj
 .text.ff_req_grant
                0x0800ad42       0x12 ./Middlewares/Third_Party/FatFs/src/option/syscall.o
                0x0800ad42                ff_req_grant
 .text.ff_rel_grant
                0x0800ad54        0x4 ./Middlewares/Third_Party/FatFs/src/option/syscall.o
                0x0800ad54                ff_rel_grant
 .text.osKernelStart
                0x0800ad58        0xa ./Middlewares/Third_Party/FreeRTOS/Source/CMSIS_RTOS/cmsis_os.o
                0x0800ad58                osKernelStart
 .text.osKernelRunning
                0x0800ad62        0xe ./Middlewares/Third_Party/FreeRTOS/Source/CMSIS_RTOS/cmsis_os.o
                0x0800ad62                osKernelRunning
 .text.osKernelSysTick
                0x0800ad70        0xe ./Middlewares/Third_Party/FreeRTOS/Source/CMSIS_RTOS/cmsis_os.o
                0x0800ad70                osKernelSysTick
 .text.osThreadCreate
                0x0800ad7e       0x50 ./Middlewares/Third_Party/FreeRTOS/Source/CMSIS_RTOS/cmsis_os.o
                0x0800ad7e                osThreadCreate
 .text.osMutexRelease
                0x0800adce       0x48 ./Middlewares/Third_Party/FreeRTOS/Source/CMSIS_RTOS/cmsis_os.o
                0x0800adce                osMutexRelease
 .text.osMutexDelete
                0x0800ae16       0x14 ./Middlewares/Third_Party/FreeRTOS/Source/CMSIS_RTOS/cmsis_os.o
                0x0800ae16                osMutexDelete
 .text.osSemaphoreCreate
                0x0800ae2a       0x58 ./Middlewares/Third_Party/FreeRTOS/Source/CMSIS_RTOS/cmsis_os.o
                0x0800ae2a                osSemaphoreCreate
 .text.osSemaphoreWait
                0x0800ae82       0x4c ./Middlewares/Third_Party/FreeRTOS/Source/CMSIS_RTOS/cmsis_os.o
                0x0800ae82                osSemaphoreWait
 .text.osSemaphoreRelease
                0x0800aece        0x4 ./Middlewares/Third_Party/FreeRTOS/Source/CMSIS_RTOS/cmsis_os.o
                0x0800aece                osSemaphoreRelease
 .text.osSemaphoreDelete
                0x0800aed2        0x4 ./Middlewares/Third_Party/FreeRTOS/Source/CMSIS_RTOS/cmsis_os.o
                0x0800aed2                osSemaphoreDelete
 .text.osMessageCreate
                0x0800aed6       0x24 ./Middlewares/Third_Party/FreeRTOS/Source/CMSIS_RTOS/cmsis_os.o
                0x0800aed6                osMessageCreate
 .text.osMessagePut
                0x0800aefa       0x52 ./Middlewares/Third_Party/FreeRTOS/Source/CMSIS_RTOS/cmsis_os.o
                0x0800aefa                osMessagePut
 .text.osMessageGet
                0x0800af4c       0x74 ./Middlewares/Third_Party/FreeRTOS/Source/CMSIS_RTOS/cmsis_os.o
                0x0800af4c                osMessageGet
 .text.osMessageWaiting
                0x0800afc0        0xe ./Middlewares/Third_Party/FreeRTOS/Source/CMSIS_RTOS/cmsis_os.o
                0x0800afc0                osMessageWaiting
 .text.vListInitialise
                0x0800afce       0x16 ./Middlewares/Third_Party/FreeRTOS/Source/list.o
                0x0800afce                vListInitialise
 .text.vListInitialiseItem
                0x0800afe4        0x6 ./Middlewares/Third_Party/FreeRTOS/Source/list.o
                0x0800afe4                vListInitialiseItem
 .text.vListInsertEnd
                0x0800afea       0x16 ./Middlewares/Third_Party/FreeRTOS/Source/list.o
                0x0800afea                vListInsertEnd
 .text.vListInsert
                0x0800b000       0x2e ./Middlewares/Third_Party/FreeRTOS/Source/list.o
                0x0800b000                vListInsert
 .text.uxListRemove
                0x0800b02e       0x20 ./Middlewares/Third_Party/FreeRTOS/Source/list.o
                0x0800b02e                uxListRemove
 .text.prvIsQueueEmpty
                0x0800b04e       0x16 ./Middlewares/Third_Party/FreeRTOS/Source/queue.o
 .text.prvCopyDataToQueue
                0x0800b064       0x66 ./Middlewares/Third_Party/FreeRTOS/Source/queue.o
 .text.prvCopyDataFromQueue
                0x0800b0ca       0x2a ./Middlewares/Third_Party/FreeRTOS/Source/queue.o
 .text.prvUnlockQueue
                0x0800b0f4       0x6c ./Middlewares/Third_Party/FreeRTOS/Source/queue.o
 .text.xQueueGenericReset
                0x0800b160       0x82 ./Middlewares/Third_Party/FreeRTOS/Source/queue.o
                0x0800b160                xQueueGenericReset
 .text.xQueueGenericCreateStatic.part.0.isra.0
                0x0800b1e2       0x90 ./Middlewares/Third_Party/FreeRTOS/Source/queue.o
 .text.xQueueGenericCreateStatic
                0x0800b272       0x1c ./Middlewares/Third_Party/FreeRTOS/Source/queue.o
                0x0800b272                xQueueGenericCreateStatic
 .text.xQueueGenericCreate
                0x0800b28e       0x4c ./Middlewares/Third_Party/FreeRTOS/Source/queue.o
                0x0800b28e                xQueueGenericCreate
 .text.xQueueCreateCountingSemaphoreStatic
                0x0800b2da       0x4c ./Middlewares/Third_Party/FreeRTOS/Source/queue.o
                0x0800b2da                xQueueCreateCountingSemaphoreStatic
 .text.xQueueCreateCountingSemaphore
                0x0800b326       0x44 ./Middlewares/Third_Party/FreeRTOS/Source/queue.o
                0x0800b326                xQueueCreateCountingSemaphore
 .text.xQueueGenericSend
                0x0800b36a      0x174 ./Middlewares/Third_Party/FreeRTOS/Source/queue.o
                0x0800b36a                xQueueGenericSend
 .text.xQueueGenericSendFromISR
                0x0800b4de       0xc8 ./Middlewares/Third_Party/FreeRTOS/Source/queue.o
                0x0800b4de                xQueueGenericSendFromISR
 .text.xQueueGiveFromISR
                0x0800b5a6       0xb2 ./Middlewares/Third_Party/FreeRTOS/Source/queue.o
                0x0800b5a6                xQueueGiveFromISR
 .text.xQueueReceive
                0x0800b658      0x148 ./Middlewares/Third_Party/FreeRTOS/Source/queue.o
                0x0800b658                xQueueReceive
 .text.xQueueSemaphoreTake
                0x0800b7a0      0x18a ./Middlewares/Third_Party/FreeRTOS/Source/queue.o
                0x0800b7a0                xQueueSemaphoreTake
 .text.xQueueReceiveFromISR
                0x0800b92a       0xa6 ./Middlewares/Third_Party/FreeRTOS/Source/queue.o
                0x0800b92a                xQueueReceiveFromISR
 .text.uxQueueMessagesWaiting
                0x0800b9d0       0x2a ./Middlewares/Third_Party/FreeRTOS/Source/queue.o
                0x0800b9d0                uxQueueMessagesWaiting
 .text.uxQueueMessagesWaitingFromISR
                0x0800b9fa       0x1c ./Middlewares/Third_Party/FreeRTOS/Source/queue.o
                0x0800b9fa                uxQueueMessagesWaitingFromISR
 *fill*         0x0800ba16        0x2 
 .text.vQueueUnregisterQueue
                0x0800ba18       0x30 ./Middlewares/Third_Party/FreeRTOS/Source/queue.o
                0x0800ba18                vQueueUnregisterQueue
 .text.vQueueDelete
                0x0800ba48       0x2e ./Middlewares/Third_Party/FreeRTOS/Source/queue.o
                0x0800ba48                vQueueDelete
 *fill*         0x0800ba76        0x2 
 .text.prvAddNewTaskToReadyList
                0x0800ba78       0xfc ./Middlewares/Third_Party/FreeRTOS/Source/tasks.o
 .text.prvAddCurrentTaskToDelayedList
                0x0800bb74       0x88 ./Middlewares/Third_Party/FreeRTOS/Source/tasks.o
 .text.prvResetNextTaskUnblockTime
                0x0800bbfc       0x24 ./Middlewares/Third_Party/FreeRTOS/Source/tasks.o
 .text.prvDeleteTCB
                0x0800bc20       0x3a ./Middlewares/Third_Party/FreeRTOS/Source/tasks.o
 *fill*         0x0800bc5a        0x2 
 .text.prvIdleTask
                0x0800bc5c       0x64 ./Middlewares/Third_Party/FreeRTOS/Source/tasks.o
 .text.prvInitialiseNewTask.constprop.0
                0x0800bcc0       0x9a ./Middlewares/Third_Party/FreeRTOS/Source/tasks.o
 .text.xTaskCreateStatic
                0x0800bd5a       0x7c ./Middlewares/Third_Party/FreeRTOS/Source/tasks.o
                0x0800bd5a                xTaskCreateStatic
 .text.xTaskCreate
                0x0800bdd6       0x5c ./Middlewares/Third_Party/FreeRTOS/Source/tasks.o
                0x0800bdd6                xTaskCreate
 *fill*         0x0800be32        0x2 
 .text.vTaskStartScheduler
                0x0800be34       0x74 ./Middlewares/Third_Party/FreeRTOS/Source/tasks.o
                0x0800be34                vTaskStartScheduler
 .text.vTaskSuspendAll
                0x0800bea8       0x10 ./Middlewares/Third_Party/FreeRTOS/Source/tasks.o
                0x0800bea8                vTaskSuspendAll
 .text.xTaskGetTickCount
                0x0800beb8        0xc ./Middlewares/Third_Party/FreeRTOS/Source/tasks.o
                0x0800beb8                xTaskGetTickCount
 .text.xTaskGetTickCountFromISR
                0x0800bec4       0x10 ./Middlewares/Third_Party/FreeRTOS/Source/tasks.o
                0x0800bec4                xTaskGetTickCountFromISR
 .text.xTaskIncrementTick
                0x0800bed4      0x134 ./Middlewares/Third_Party/FreeRTOS/Source/tasks.o
                0x0800bed4                xTaskIncrementTick
 .text.xTaskResumeAll
                0x0800c008       0xf0 ./Middlewares/Third_Party/FreeRTOS/Source/tasks.o
                0x0800c008                xTaskResumeAll
 .text.vTaskDelay
                0x0800c0f8       0x4c ./Middlewares/Third_Party/FreeRTOS/Source/tasks.o
                0x0800c0f8                vTaskDelay
 .text.vTaskSwitchContext
                0x0800c144       0xa8 ./Middlewares/Third_Party/FreeRTOS/Source/tasks.o
                0x0800c144                vTaskSwitchContext
 .text.vTaskPlaceOnEventList
                0x0800c1ec       0x38 ./Middlewares/Third_Party/FreeRTOS/Source/tasks.o
                0x0800c1ec                vTaskPlaceOnEventList
 .text.xTaskRemoveFromEventList
                0x0800c224       0x88 ./Middlewares/Third_Party/FreeRTOS/Source/tasks.o
                0x0800c224                xTaskRemoveFromEventList
 .text.vTaskInternalSetTimeOutState
                0x0800c2ac       0x18 ./Middlewares/Third_Party/FreeRTOS/Source/tasks.o
                0x0800c2ac                vTaskInternalSetTimeOutState
 .text.xTaskCheckForTimeOut
                0x0800c2c4       0x80 ./Middlewares/Third_Party/FreeRTOS/Source/tasks.o
                0x0800c2c4                xTaskCheckForTimeOut
 .text.vTaskMissedYield
                0x0800c344        0xc ./Middlewares/Third_Party/FreeRTOS/Source/tasks.o
                0x0800c344                vTaskMissedYield
 .text.xTaskGetSchedulerState
                0x0800c350       0x20 ./Middlewares/Third_Party/FreeRTOS/Source/tasks.o
                0x0800c350                xTaskGetSchedulerState
 .text.xTaskPriorityInherit
                0x0800c370       0x9c ./Middlewares/Third_Party/FreeRTOS/Source/tasks.o
                0x0800c370                xTaskPriorityInherit
 .text.xTaskPriorityDisinherit
                0x0800c40c       0xa8 ./Middlewares/Third_Party/FreeRTOS/Source/tasks.o
                0x0800c40c                xTaskPriorityDisinherit
 .text.vTaskPriorityDisinheritAfterTimeout
                0x0800c4b4       0xb8 ./Middlewares/Third_Party/FreeRTOS/Source/tasks.o
                0x0800c4b4                vTaskPriorityDisinheritAfterTimeout
 .text.pvTaskIncrementMutexHeldCount
                0x0800c56c       0x18 ./Middlewares/Third_Party/FreeRTOS/Source/tasks.o
                0x0800c56c                pvTaskIncrementMutexHeldCount
 .text.xTaskNotifyWait
                0x0800c584       0x8c ./Middlewares/Third_Party/FreeRTOS/Source/tasks.o
                0x0800c584                xTaskNotifyWait
 .text.xTaskGenericNotifyFromISR
                0x0800c610      0x124 ./Middlewares/Third_Party/FreeRTOS/Source/tasks.o
                0x0800c610                xTaskGenericNotifyFromISR
 .text.prvPortStartFirstTask
                0x0800c734       0x28 ./Middlewares/Third_Party/FreeRTOS/Source/portable/GCC/ARM_CM7/r0p1/port.o
 .text.vPortEnableVFP
                0x0800c75c       0x14 ./Middlewares/Third_Party/FreeRTOS/Source/portable/GCC/ARM_CM7/r0p1/port.o
 .text.prvTaskExitError
                0x0800c770       0x48 ./Middlewares/Third_Party/FreeRTOS/Source/portable/GCC/ARM_CM7/r0p1/port.o
 .text.pxPortInitialiseStack
                0x0800c7b8       0x24 ./Middlewares/Third_Party/FreeRTOS/Source/portable/GCC/ARM_CM7/r0p1/port.o
                0x0800c7b8                pxPortInitialiseStack
 *fill*         0x0800c7dc        0x4 
 .text.SVC_Handler
                0x0800c7e0       0x24 ./Middlewares/Third_Party/FreeRTOS/Source/portable/GCC/ARM_CM7/r0p1/port.o
                0x0800c7e0                SVC_Handler
 .text.vPortEnterCritical
                0x0800c804       0x48 ./Middlewares/Third_Party/FreeRTOS/Source/portable/GCC/ARM_CM7/r0p1/port.o
                0x0800c804                vPortEnterCritical
 .text.vPortExitCritical
                0x0800c84c       0x2c ./Middlewares/Third_Party/FreeRTOS/Source/portable/GCC/ARM_CM7/r0p1/port.o
                0x0800c84c                vPortExitCritical
 *fill*         0x0800c878        0x8 
 .text.PendSV_Handler
                0x0800c880       0x64 ./Middlewares/Third_Party/FreeRTOS/Source/portable/GCC/ARM_CM7/r0p1/port.o
                0x0800c880                PendSV_Handler
 .text.SysTick_Handler
                0x0800c8e4       0x30 ./Middlewares/Third_Party/FreeRTOS/Source/portable/GCC/ARM_CM7/r0p1/port.o
                0x0800c8e4                SysTick_Handler
 .text.vPortSetupTimerInterrupt
                0x0800c914       0x24 ./Middlewares/Third_Party/FreeRTOS/Source/portable/GCC/ARM_CM7/r0p1/port.o
                0x0800c914                vPortSetupTimerInterrupt
 .text.xPortStartScheduler
                0x0800c938       0xc4 ./Middlewares/Third_Party/FreeRTOS/Source/portable/GCC/ARM_CM7/r0p1/port.o
                0x0800c938                xPortStartScheduler
 .text.vPortValidateInterruptPriority
                0x0800c9fc       0x64 ./Middlewares/Third_Party/FreeRTOS/Source/portable/GCC/ARM_CM7/r0p1/port.o
                0x0800c9fc                vPortValidateInterruptPriority
 .text.prvInsertBlockIntoFreeList
                0x0800ca60       0x4c ./Middlewares/Third_Party/FreeRTOS/Source/portable/MemMang/heap_4.o
 .text.pvPortMalloc
                0x0800caac      0x12c ./Middlewares/Third_Party/FreeRTOS/Source/portable/MemMang/heap_4.o
                0x0800caac                pvPortMalloc
 .text.vPortFree
                0x0800cbd8       0x78 ./Middlewares/Third_Party/FreeRTOS/Source/portable/MemMang/heap_4.o
                0x0800cbd8                vPortFree
 .text.HAL_HCD_SOF_Callback
                0x0800cc50        0x8 ./USB_HOST/Target/usbh_conf.o
                0x0800cc50                HAL_HCD_SOF_Callback
 .text.HAL_HCD_Connect_Callback
                0x0800cc58        0x8 ./USB_HOST/Target/usbh_conf.o
                0x0800cc58                HAL_HCD_Connect_Callback
 .text.HAL_HCD_Disconnect_Callback
                0x0800cc60        0x8 ./USB_HOST/Target/usbh_conf.o
                0x0800cc60                HAL_HCD_Disconnect_Callback
 .text.HAL_HCD_HC_NotifyURBChange_Callback
                0x0800cc68        0x8 ./USB_HOST/Target/usbh_conf.o
                0x0800cc68                HAL_HCD_HC_NotifyURBChange_Callback
 .text.HAL_HCD_PortEnabled_Callback
                0x0800cc70        0x8 ./USB_HOST/Target/usbh_conf.o
                0x0800cc70                HAL_HCD_PortEnabled_Callback
 .text.HAL_HCD_PortDisabled_Callback
                0x0800cc78        0x8 ./USB_HOST/Target/usbh_conf.o
                0x0800cc78                HAL_HCD_PortDisabled_Callback
 .text.USBH_Get_USB_Status
                0x0800cc80        0xc ./USB_HOST/Target/usbh_conf.o
                0x0800cc80                USBH_Get_USB_Status
 .text.USBH_LL_Stop
                0x0800cc8c       0x12 ./USB_HOST/Target/usbh_conf.o
                0x0800cc8c                USBH_LL_Stop
 .text.memset   0x0800cc9e       0x10 C:/ST/STM32CubeIDE_2.0.0/STM32CubeIDE/plugins/com.st.stm32cube.ide.mcu.externaltools.gnu-tools-for-stm32.13.3.rel1.win32_1.0.100.202509120712/tools/bin/../lib/gcc/arm-none-eabi/13.3.1/../../../../arm-none-eabi/lib/thumb/v7e-m+fp/hard\libc_nano.a(libc_a-memset.o)
                0x0800cc9e                memset
 *fill*         0x0800ccae        0x2 
 .text.__libc_init_array
                0x0800ccb0       0x48 C:/ST/STM32CubeIDE_2.0.0/STM32CubeIDE/plugins/com.st.stm32cube.ide.mcu.externaltools.gnu-tools-for-stm32.13.3.rel1.win32_1.0.100.202509120712/tools/bin/../lib/gcc/arm-none-eabi/13.3.1/../../../../arm-none-eabi/lib/thumb/v7e-m+fp/hard\libc_nano.a(libc_a-init.o)
                0x0800ccb0                __libc_init_array
 .text.memcpy   0x0800ccf8       0x1c C:/ST/STM32CubeIDE_2.0.0/STM32CubeIDE/plugins/com.st.stm32cube.ide.mcu.externaltools.gnu-tools-for-stm32.13.3.rel1.win32_1.0.100.202509120712/tools/bin/../lib/gcc/arm-none-eabi/13.3.1/../../../../arm-none-eabi/lib/thumb/v7e-m+fp/hard\libc_nano.a(libc_a-memcpy-stub.o)
                0x0800ccf8                memcpy
 *(.glue_7)
 .glue_7        0x0800cd14        0x0 linker stubs
 *(.glue_7t)
 .glue_7t       0x0800cd14        0x0 linker stubs
 *(.eh_frame)
 .eh_frame      0x0800cd14        0x0 C:/ST/STM32CubeIDE_2.0.0/STM32CubeIDE/plugins/com.st.stm32cube.ide.mcu.externaltools.gnu-tools-for-stm32.13.3.rel1.win32_1.0.100.202509120712/tools/bin/../lib/gcc/arm-none-eabi/13.3.1/thumb/v7e-m+fp/hard/crtbegin.o
 *(.init)
 .init          0x0800cd14        0x4 C:/ST/STM32CubeIDE_2.0.0/STM32CubeIDE/plugins/com.st.stm32cube.ide.mcu.externaltools.gnu-tools-for-stm32.13.3.rel1.win32_1.0.100.202509120712/tools/bin/../lib/gcc/arm-none-eabi/13.3.1/thumb/v7e-m+fp/hard/crti.o
                0x0800cd14                _init
 .init          0x0800cd18        0x8 C:/ST/STM32CubeIDE_2.0.0/STM32CubeIDE/plugins/com.st.stm32cube.ide.mcu.externaltools.gnu-tools-for-stm32.13.3.rel1.win32_1.0.100.202509120712/tools/bin/../lib/gcc/arm-none-eabi/13.3.1/thumb/v7e-m+fp/hard/crtn.o
 *(.fini)
 .fini          0x0800cd20        0x4 C:/ST/STM32CubeIDE_2.0.0/STM32CubeIDE/plugins/com.st.stm32cube.ide.mcu.externaltools.gnu-tools-for-stm32.13.3.rel1.win32_1.0.100.202509120712/tools/bin/../lib/gcc/arm-none-eabi/13.3.1/thumb/v7e-m+fp/hard/crti.o
                0x0800cd20                _fini
 .fini          0x0800cd24        0x8 C:/ST/STM32CubeIDE_2.0.0/STM32CubeIDE/plugins/com.st.stm32cube.ide.mcu.externaltools.gnu-tools-for-stm32.13.3.rel1.win32_1.0.100.202509120712/tools/bin/../lib/gcc/arm-none-eabi/13.3.1/thumb/v7e-m+fp/hard/crtn.o
                0x0800cd2c                        . = ALIGN (0x4)
                0x0800cd2c                        _etext = .

.vfp11_veneer   0x0800cd2c        0x0
 .vfp11_veneer  0x0800cd2c        0x0 linker stubs

.v4_bx          0x0800cd2c        0x0
 .v4_bx         0x0800cd2c        0x0 linker stubs

.iplt           0x0800cd2c        0x0
 .iplt          0x0800cd2c        0x0 C:/ST/STM32CubeIDE_2.0.0/STM32CubeIDE/plugins/com.st.stm32cube.ide.mcu.externaltools.gnu-tools-for-stm32.13.3.rel1.win32_1.0.100.202509120712/tools/bin/../lib/gcc/arm-none-eabi/13.3.1/thumb/v7e-m+fp/hard/crtbegin.o

.rodata         0x0800cd2c      0x160
                0x0800cd2c                        . = ALIGN (0x4)
 *(.rodata)
 .rodata        0x0800cd2c       0x1c ./Core/Src/main.o
 .rodata        0x0800cd48       0x10 ./FATFS/Target/sd_diskio.o
 *(.rodata*)
 .rodata.vStreamTask.str1.1
                0x0800cd58       0x75 ./Core/Src/main.o
                                  0xf (size before relaxing)
 .rodata.vAudioTask.str1.1
                0x0800cdcd        0x0 ./Core/Src/main.o
                                 0x20 (size before relaxing)
 .rodata.main.str1.1
                0x0800cdcd        0x0 ./Core/Src/main.o
                                 0x1d (size before relaxing)
 .rodata.str1.1
                0x0800cdcd        0x0 ./Core/Src/main.o
                                  0xc (size before relaxing)
 .rodata.recordStart.str1.1
                0x0800cdcd        0x0 ./Core/Src/record.o
                                  0x9 (size before relaxing)
 .rodata.APBPrescTable
                0x0800cdcd        0x8 ./Core/Src/system_stm32f7xx.o
                0x0800cdcd                APBPrescTable
 .rodata.AHBPrescTable
                0x0800cdd5       0x10 ./Core/Src/system_stm32f7xx.o
                0x0800cdd5                AHBPrescTable
 .rodata.flagBitshiftOffset.0
                0x0800cde5        0x8 ./Drivers/STM32F7xx_HAL_Driver/Src/stm32f7xx_hal_dma.o
 .rodata.CSWTCH.1
                0x0800cded        0x8 ./Drivers/STM32F7xx_HAL_Driver/Src/stm32f7xx_hal_ltdc.o
 *fill*         0x0800cdf5        0x3 
 .rodata.SD_Driver
                0x0800cdf8       0x14 ./FATFS/Target/sd_diskio.o
                0x0800cdf8                SD_Driver
 .rodata.follow_path.str1.1
                0x0800ce0c        0x0 ./Middlewares/Third_Party/FatFs/src/ff.o
                                  0xf (size before relaxing)
 .rodata.ExCvt  0x0800ce0c       0x80 ./Middlewares/Third_Party/FatFs/src/ff.o
 .rodata.vTaskStartScheduler.str1.1
                0x0800ce8c        0x0 ./Middlewares/Third_Party/FreeRTOS/Source/tasks.o
                                  0x5 (size before relaxing)
                0x0800ce8c                        . = ALIGN (0x4)

.ARM.extab      0x0800ce8c        0x0
                0x0800ce8c                        . = ALIGN (0x4)
 *(.ARM.extab* .gnu.linkonce.armextab.*)
                0x0800ce8c                        . = ALIGN (0x4)

.ARM            0x0800ce8c        0x8
                0x0800ce8c                        . = ALIGN (0x4)
                0x0800ce8c                        __exidx_start = .
 *(.ARM.exidx*)