../Drivers/STM32F7xx_HAL_Driver/Src/stm32f7xx_hal_sd.c:2435:13:SD_DMATransmitCplt	0	static
../Drivers/STM32F7xx_HAL_Driver/Src/stm32f7xx_hal_sd.c:3036:17:SD_FindSCR.constprop	56	static
../Drivers/STM32F7xx_HAL_Driver/Src/stm32f7xx_hal_sd.c:509:13:HAL_SD_MspInit	0	static
../Drivers/STM32F7xx_HAL_Driver/Src/stm32f7xx_hal_sd.c:524:13:HAL_SD_MspDeInit	0	static
../Drivers/STM32F7xx_HAL_Driver/Src/stm32f7xx_hal_sd.c:468:19:HAL_SD_DeInit	8	static
../Drivers/STM32F7xx_HAL_Driver/Src/stm32f7xx_hal_sd.c:565:19:HAL_SD_ReadBlocks	64	static
../Drivers/STM32F7xx_HAL_Driver/Src/stm32f7xx_hal_sd.c:776:19:HAL_SD_WriteBlocks	64	static
../Drivers/STM32F7xx_HAL_Driver/Src/stm32f7xx_hal_sd.c:960:19:HAL_SD_ReadBlocks_IT	40	static
../Drivers/STM32F7xx_HAL_Driver/Src/stm32f7xx_hal_sd.c:1052:19:HAL_SD_WriteBlocks_IT	40	static
../Drivers/STM32F7xx_HAL_Driver/Src/stm32f7xx_hal_sd.c:1145:19:HAL_SD_ReadBlocks_DMA	56	static
../Drivers/STM32F7xx_HAL_Driver/Src/stm32f7xx_hal_sd.c:1262:19:HAL_SD_WriteBlocks_DMA	48	static
../Drivers/STM32F7xx_HAL_Driver/Src/stm32f7xx_hal_sd.c:1377:19:HAL_SD_Erase	24	static
../Drivers/STM32F7xx_HAL_Driver/Src/stm32f7xx_hal_sd.c:1670:21:HAL_SD_GetState	0	static
../Drivers/STM32F7xx_HAL_Driver/Src/stm32f7xx_hal_sd.c:1681:10:HAL_SD_GetError	0	static
../Drivers/STM32F7xx_HAL_Driver/Src/stm32f7xx_hal_sd.c:1691:13:HAL_SD_TxCpltCallback	0	static
../Drivers/STM32F7xx_HAL_Driver/Src/stm32f7xx_hal_sd.c:1706:13:HAL_SD_RxCpltCallback	0	static
../Drivers/STM32F7xx_HAL_Driver/Src/stm32f7xx_hal_sd.c:1721:13:HAL_SD_ErrorCallback	0	static
../Drivers/STM32F7xx_HAL_Driver/Src/stm32f7xx_hal_sd.c:2448:13:SD_DMAReceiveCplt	8	static
../Drivers/STM32F7xx_HAL_Driver/Src/stm32f7xx_hal_sd.c:1736:13:HAL_SD_AbortCallback	0	static
../Drivers/STM32F7xx_HAL_Driver/Src/stm32f7xx_hal_sd.c:1947:19:HAL_SD_GetCardCID	8	static
../Drivers/STM32F7xx_HAL_Driver/Src/stm32f7xx_hal_sd.c:1980:19:HAL_SD_GetCardCSD	8	static
../Drivers/STM32F7xx_HAL_Driver/Src/stm32f7xx_hal_sd.c:403:19:HAL_SD_InitCard	120	static
../Drivers/STM32F7xx_HAL_Driver/Src/stm32f7xx_hal_sd.c:335:19:HAL_SD_Init	8	static
../Drivers/STM32F7xx_HAL_Driver/Src/stm32f7xx_hal_sd.c:2094:19:HAL_SD_GetCardStatus	120	static
../Drivers/STM32F7xx_HAL_Driver/Src/stm32f7xx_hal_sd.c:2154:19:HAL_SD_GetCardInfo	0	static
../Drivers/STM32F7xx_HAL_Driver/Src/stm32f7xx_hal_sd.c:2179:19:HAL_SD_ConfigWideBusOperation	64	static
../Drivers/STM32F7xx_HAL_Driver/Src/stm32f7xx_hal_sd.c:2261:25:HAL_SD_GetCardState	8	static
../Drivers/STM32F7xx_HAL_Driver/Src/stm32f7xx_hal_sd.c:2490:13:SD_DMAError	8	static
../Drivers/STM32F7xx_HAL_Driver/Src/stm32f7xx_hal_sd.c:2534:13:SD_DMATxAbort	8	static
../Drivers/STM32F7xx_HAL_Driver/Src/stm32f7xx_hal_sd.c:1479:6:HAL_SD_IRQHandler	32	static
../Drivers/STM32F7xx_HAL_Driver/Src/stm32f7xx_hal_sd.c:2573:13:SD_DMARxAbort	0	static
../Drivers/STM32F7xx_HAL_Driver/Src/stm32f7xx_hal_sd.c:2284:19:HAL_SD_Abort	8	static
../Drivers/STM32F7xx_HAL_Driver/Src/stm32f7xx_hal_sd.c:2348:19:HAL_SD_Abort_IT	16	static
