../Drivers/STM32F7xx_HAL_Driver/Src/stm32f7xx_hal_rtc.c:653:13:HAL_RTC_MspInit	0	static
../Drivers/STM32F7xx_HAL_Driver/Src/stm32f7xx_hal_rtc.c:669:13:HAL_RTC_MspDeInit	0	static
../Drivers/STM32F7xx_HAL_Driver/Src/stm32f7xx_hal_rtc.c:1409:19:HAL_RTC_DeactivateAlarm	16	static
../Drivers/STM32F7xx_HAL_Driver/Src/stm32f7xx_hal_rtc.c:1609:13:HAL_RTC_AlarmAEventCallback	0	static
../Drivers/STM32F7xx_HAL_Driver/Src/stm32f7xx_hal_rtc.c:1558:6:HAL_RTC_AlarmIRQHandler	8	static
../Drivers/STM32F7xx_HAL_Driver/Src/stm32f7xx_hal_rtc.c:1626:19:HAL_RTC_PollForAlarmAEvent	16	static
../Drivers/STM32F7xx_HAL_Driver/Src/stm32f7xx_hal_rtc.c:1690:19:HAL_RTC_WaitForSynchro	16	static
../Drivers/STM32F7xx_HAL_Driver/Src/stm32f7xx_hal_rtc.c:1719:6:HAL_RTC_DST_Add1Hour	0	static
../Drivers/STM32F7xx_HAL_Driver/Src/stm32f7xx_hal_rtc.c:1733:6:HAL_RTC_DST_Sub1Hour	0	static
../Drivers/STM32F7xx_HAL_Driver/Src/stm32f7xx_hal_rtc.c:1747:6:HAL_RTC_DST_SetStoreOperation	0	static
../Drivers/STM32F7xx_HAL_Driver/Src/stm32f7xx_hal_rtc.c:1760:6:HAL_RTC_DST_ClearStoreOperation	0	static
../Drivers/STM32F7xx_HAL_Driver/Src/stm32f7xx_hal_rtc.c:1772:10:HAL_RTC_DST_ReadStoreOperation	0	static
../Drivers/STM32F7xx_HAL_Driver/Src/stm32f7xx_hal_rtc.c:1801:21:HAL_RTC_GetState	0	static
../Drivers/STM32F7xx_HAL_Driver/Src/stm32f7xx_hal_rtc.c:1827:19:RTC_EnterInitMode	16	static
../Drivers/STM32F7xx_HAL_Driver/Src/stm32f7xx_hal_rtc.c:1862:19:RTC_ExitInitMode	8	static
../Drivers/STM32F7xx_HAL_Driver/Src/stm32f7xx_hal_rtc.c:256:19:HAL_RTC_Init	8	static
../Drivers/STM32F7xx_HAL_Driver/Src/stm32f7xx_hal_rtc.c:369:19:HAL_RTC_DeInit	16	static
../Drivers/STM32F7xx_HAL_Driver/Src/stm32f7xx_hal_rtc.c:1888:9:RTC_ByteToBcd2	0	static
../Drivers/STM32F7xx_HAL_Driver/Src/stm32f7xx_hal_rtc.c:710:19:HAL_RTC_SetTime	24	static
../Drivers/STM32F7xx_HAL_Driver/Src/stm32f7xx_hal_rtc.c:869:19:HAL_RTC_SetDate	24	static
../Drivers/STM32F7xx_HAL_Driver/Src/stm32f7xx_hal_rtc.c:1016:19:HAL_RTC_SetAlarm	32	static
../Drivers/STM32F7xx_HAL_Driver/Src/stm32f7xx_hal_rtc.c:1214:19:HAL_RTC_SetAlarm_IT	40	static
../Drivers/STM32F7xx_HAL_Driver/Src/stm32f7xx_hal_rtc.c:1906:9:RTC_Bcd2ToByte	0	static
../Drivers/STM32F7xx_HAL_Driver/Src/stm32f7xx_hal_rtc.c:824:19:HAL_RTC_GetTime	16	static
../Drivers/STM32F7xx_HAL_Driver/Src/stm32f7xx_hal_rtc.c:958:19:HAL_RTC_GetDate	16	static
../Drivers/STM32F7xx_HAL_Driver/Src/stm32f7xx_hal_rtc.c:1507:19:HAL_RTC_GetAlarm	24	static
