../Drivers/STM32F7xx_HAL_Driver/Src/stm32f7xx_hal_qspi.c:2506:13:QSPI_DMARxCplt	0	static
../Drivers/STM32F7xx_HAL_Driver/Src/stm32f7xx_hal_qspi.c:2520:13:QSPI_DMATxCplt	0	static
../Drivers/STM32F7xx_HAL_Driver/Src/stm32f7xx_hal_qspi.c:2692:13:QSPI_Config	32	static
../Drivers/STM32F7xx_HAL_Driver/Src/stm32f7xx_hal_qspi.c:2634:26:QSPI_WaitFlagStateUntilTimeout	24	static
../Drivers/STM32F7xx_HAL_Driver/Src/stm32f7xx_hal_qspi.c:2663:26:QSPI_WaitFlagStateUntilTimeout_CPUCycle.constprop	8	static
../Drivers/STM32F7xx_HAL_Driver/Src/stm32f7xx_hal_qspi.c:434:13:HAL_QSPI_MspInit	0	static
../Drivers/STM32F7xx_HAL_Driver/Src/stm32f7xx_hal_qspi.c:292:19:HAL_QSPI_Init	24	static
../Drivers/STM32F7xx_HAL_Driver/Src/stm32f7xx_hal_qspi.c:449:13:HAL_QSPI_MspDeInit	0	static
../Drivers/STM32F7xx_HAL_Driver/Src/stm32f7xx_hal_qspi.c:393:19:HAL_QSPI_DeInit	8	static
../Drivers/STM32F7xx_HAL_Driver/Src/stm32f7xx_hal_qspi.c:785:19:HAL_QSPI_Command	40	static
../Drivers/STM32F7xx_HAL_Driver/Src/stm32f7xx_hal_qspi.c:874:19:HAL_QSPI_Command_IT	24	static
../Drivers/STM32F7xx_HAL_Driver/Src/stm32f7xx_hal_qspi.c:1149:19:HAL_QSPI_Transmit_IT	8	static
../Drivers/STM32F7xx_HAL_Driver/Src/stm32f7xx_hal_qspi.c:1209:19:HAL_QSPI_Receive_IT	12	static
../Drivers/STM32F7xx_HAL_Driver/Src/stm32f7xx_hal_qspi.c:1277:19:HAL_QSPI_Transmit_DMA	16	static
../Drivers/STM32F7xx_HAL_Driver/Src/stm32f7xx_hal_qspi.c:1425:19:HAL_QSPI_Receive_DMA	24	static
../Drivers/STM32F7xx_HAL_Driver/Src/stm32f7xx_hal_qspi.c:1574:19:HAL_QSPI_AutoPolling	40	static
../Drivers/STM32F7xx_HAL_Driver/Src/stm32f7xx_hal_qspi.c:1674:19:HAL_QSPI_AutoPolling_IT	24	static
../Drivers/STM32F7xx_HAL_Driver/Src/stm32f7xx_hal_qspi.c:1777:19:HAL_QSPI_MemoryMapped	32	static
../Drivers/STM32F7xx_HAL_Driver/Src/stm32f7xx_hal_qspi.c:1863:13:HAL_QSPI_ErrorCallback	0	static
../Drivers/STM32F7xx_HAL_Driver/Src/stm32f7xx_hal_qspi.c:2591:13:QSPI_DMAAbortCplt	8	static
../Drivers/STM32F7xx_HAL_Driver/Src/stm32f7xx_hal_qspi.c:1878:13:HAL_QSPI_AbortCpltCallback	0	static
../Drivers/STM32F7xx_HAL_Driver/Src/stm32f7xx_hal_qspi.c:1893:13:HAL_QSPI_CmdCpltCallback	0	static
../Drivers/STM32F7xx_HAL_Driver/Src/stm32f7xx_hal_qspi.c:1908:13:HAL_QSPI_RxCpltCallback	0	static
../Drivers/STM32F7xx_HAL_Driver/Src/stm32f7xx_hal_qspi.c:1923:13:HAL_QSPI_TxCpltCallback	0	static
../Drivers/STM32F7xx_HAL_Driver/Src/stm32f7xx_hal_qspi.c:1938:13:HAL_QSPI_RxHalfCpltCallback	0	static
../Drivers/STM32F7xx_HAL_Driver/Src/stm32f7xx_hal_qspi.c:2534:13:QSPI_DMARxHalfCplt	8	static
../Drivers/STM32F7xx_HAL_Driver/Src/stm32f7xx_hal_qspi.c:1953:13:HAL_QSPI_TxHalfCpltCallback	0	static
../Drivers/STM32F7xx_HAL_Driver/Src/stm32f7xx_hal_qspi.c:2550:13:QSPI_DMATxHalfCplt	8	static
../Drivers/STM32F7xx_HAL_Driver/Src/stm32f7xx_hal_qspi.c:1968:13:HAL_QSPI_FifoThresholdCallback	0	static
../Drivers/STM32F7xx_HAL_Driver/Src/stm32f7xx_hal_qspi.c:1983:13:HAL_QSPI_StatusMatchCallback	0	static
../Drivers/STM32F7xx_HAL_Driver/Src/stm32f7xx_hal_qspi.c:1998:13:HAL_QSPI_TimeOutCallback	0	static
../Drivers/STM32F7xx_HAL_Driver/Src/stm32f7xx_hal_qspi.c:2256:23:HAL_QSPI_GetState	0	static
../Drivers/STM32F7xx_HAL_Driver/Src/stm32f7xx_hal_qspi.c:2267:10:HAL_QSPI_GetError	0	static
../Drivers/STM32F7xx_HAL_Driver/Src/stm32f7xx_hal_qspi.c:2277:19:HAL_QSPI_Abort	24	static
../Drivers/STM32F7xx_HAL_Driver/Src/stm32f7xx_hal_qspi.c:973:19:HAL_QSPI_Transmit	32	static
../Drivers/STM32F7xx_HAL_Driver/Src/stm32f7xx_hal_qspi.c:1060:19:HAL_QSPI_Receive	32	static
../Drivers/STM32F7xx_HAL_Driver/Src/stm32f7xx_hal_qspi.c:2341:19:HAL_QSPI_Abort_IT	8	static
../Drivers/STM32F7xx_HAL_Driver/Src/stm32f7xx_hal_qspi.c:488:6:HAL_QSPI_IRQHandler	16	static
../Drivers/STM32F7xx_HAL_Driver/Src/stm32f7xx_hal_qspi.c:2566:13:QSPI_DMAError	8	static
../Drivers/STM32F7xx_HAL_Driver/Src/stm32f7xx_hal_qspi.c:2405:6:HAL_QSPI_SetTimeout	0	static
../Drivers/STM32F7xx_HAL_Driver/Src/stm32f7xx_hal_qspi.c:2415:19:HAL_QSPI_SetFifoThreshold	0	static
../Drivers/STM32F7xx_HAL_Driver/Src/stm32f7xx_hal_qspi.c:2447:10:HAL_QSPI_GetFifoThreshold	0	static
../Drivers/STM32F7xx_HAL_Driver/Src/stm32f7xx_hal_qspi.c:2459:19:HAL_QSPI_SetFlashID	0	static
