../Drivers/STM32F7xx_HAL_Driver/Src/stm32f7xx_hal_rtc_ex.c:167:19:HAL_RTCEx_SetTimeStamp	8	static
../Drivers/STM32F7xx_HAL_Driver/Src/stm32f7xx_hal_rtc_ex.c:236:19:HAL_RTCEx_SetTimeStamp_IT	8	static
../Drivers/STM32F7xx_HAL_Driver/Src/stm32f7xx_hal_rtc_ex.c:299:19:HAL_RTCEx_DeactivateTimeStamp	0	static
../Drivers/STM32F7xx_HAL_Driver/Src/stm32f7xx_hal_rtc_ex.c:338:19:HAL_RTCEx_SetInternalTimeStamp	0	static
../Drivers/STM32F7xx_HAL_Driver/Src/stm32f7xx_hal_rtc_ex.c:372:19:HAL_RTCEx_DeactivateInternalTimeStamp	0	static
../Drivers/STM32F7xx_HAL_Driver/Src/stm32f7xx_hal_rtc_ex.c:408:19:HAL_RTCEx_GetTimeStamp	24	static
../Drivers/STM32F7xx_HAL_Driver/Src/stm32f7xx_hal_rtc_ex.c:465:19:HAL_RTCEx_SetTamper	20	static
../Drivers/STM32F7xx_HAL_Driver/Src/stm32f7xx_hal_rtc_ex.c:620:19:HAL_RTCEx_SetTamper_IT	20	static
../Drivers/STM32F7xx_HAL_Driver/Src/stm32f7xx_hal_rtc_ex.c:769:19:HAL_RTCEx_DeactivateTamper	0	static
../Drivers/STM32F7xx_HAL_Driver/Src/stm32f7xx_hal_rtc_ex.c:899:13:HAL_RTCEx_TimeStampEventCallback	0	static
../Drivers/STM32F7xx_HAL_Driver/Src/stm32f7xx_hal_rtc_ex.c:915:13:HAL_RTCEx_Tamper1EventCallback	0	static
../Drivers/STM32F7xx_HAL_Driver/Src/stm32f7xx_hal_rtc_ex.c:931:13:HAL_RTCEx_Tamper2EventCallback	0	static
../Drivers/STM32F7xx_HAL_Driver/Src/stm32f7xx_hal_rtc_ex.c:947:13:HAL_RTCEx_Tamper3EventCallback	0	static
../Drivers/STM32F7xx_HAL_Driver/Src/stm32f7xx_hal_rtc_ex.c:811:6:HAL_RTCEx_TamperTimeStampIRQHandler	8	static
../Drivers/STM32F7xx_HAL_Driver/Src/stm32f7xx_hal_rtc_ex.c:964:19:HAL_RTCEx_PollForTimeStampEvent	16	static
../Drivers/STM32F7xx_HAL_Driver/Src/stm32f7xx_hal_rtc_ex.c:1007:19:HAL_RTCEx_PollForTamper1Event	16	static
../Drivers/STM32F7xx_HAL_Driver/Src/stm32f7xx_hal_rtc_ex.c:1043:19:HAL_RTCEx_PollForTamper2Event	16	static
../Drivers/STM32F7xx_HAL_Driver/Src/stm32f7xx_hal_rtc_ex.c:1079:19:HAL_RTCEx_PollForTamper3Event	16	static
../Drivers/STM32F7xx_HAL_Driver/Src/stm32f7xx_hal_rtc_ex.c:1131:19:HAL_RTCEx_SetWakeUpTimer	24	static
../Drivers/STM32F7xx_HAL_Driver/Src/stm32f7xx_hal_rtc_ex.c:1227:19:HAL_RTCEx_SetWakeUpTimer_IT	24	static
../Drivers/STM32F7xx_HAL_Driver/Src/stm32f7xx_hal_rtc_ex.c:1328:19:HAL_RTCEx_DeactivateWakeUpTimer	16	static
../Drivers/STM32F7xx_HAL_Driver/Src/stm32f7xx_hal_rtc_ex.c:1383:10:HAL_RTCEx_GetWakeUpTimer	0	static
../Drivers/STM32F7xx_HAL_Driver/Src/stm32f7xx_hal_rtc_ex.c:1429:13:HAL_RTCEx_WakeUpTimerEventCallback	0	static
../Drivers/STM32F7xx_HAL_Driver/Src/stm32f7xx_hal_rtc_ex.c:1400:6:HAL_RTCEx_WakeUpTimerIRQHandler	8	static
../Drivers/STM32F7xx_HAL_Driver/Src/stm32f7xx_hal_rtc_ex.c:1446:19:HAL_RTCEx_PollForWakeUpTimerEvent	16	static
../Drivers/STM32F7xx_HAL_Driver/Src/stm32f7xx_hal_rtc_ex.c:1512:6:HAL_RTCEx_BKUPWrite	0	static
../Drivers/STM32F7xx_HAL_Driver/Src/stm32f7xx_hal_rtc_ex.c:1535:10:HAL_RTCEx_BKUPRead	0	static
../Drivers/STM32F7xx_HAL_Driver/Src/stm32f7xx_hal_rtc_ex.c:1569:19:HAL_RTCEx_SetSmoothCalib	24	static
../Drivers/STM32F7xx_HAL_Driver/Src/stm32f7xx_hal_rtc_ex.c:1641:19:HAL_RTCEx_SetSynchroShift	24	static
../Drivers/STM32F7xx_HAL_Driver/Src/stm32f7xx_hal_rtc_ex.c:1736:19:HAL_RTCEx_SetCalibrationOutPut	0	static
../Drivers/STM32F7xx_HAL_Driver/Src/stm32f7xx_hal_rtc_ex.c:1775:19:HAL_RTCEx_DeactivateCalibrationOutPut	0	static
../Drivers/STM32F7xx_HAL_Driver/Src/stm32f7xx_hal_rtc_ex.c:1805:19:HAL_RTCEx_SetRefClock	16	static
../Drivers/STM32F7xx_HAL_Driver/Src/stm32f7xx_hal_rtc_ex.c:1849:19:HAL_RTCEx_DeactivateRefClock	16	static
../Drivers/STM32F7xx_HAL_Driver/Src/stm32f7xx_hal_rtc_ex.c:1895:19:HAL_RTCEx_EnableBypassShadow	0	static
../Drivers/STM32F7xx_HAL_Driver/Src/stm32f7xx_hal_rtc_ex.c:1928:19:HAL_RTCEx_DisableBypassShadow	0	static
../Drivers/STM32F7xx_HAL_Driver/Src/stm32f7xx_hal_rtc_ex.c:1978:13:HAL_RTCEx_AlarmBEventCallback	0	static
../Drivers/STM32F7xx_HAL_Driver/Src/stm32f7xx_hal_rtc_ex.c:1995:19:HAL_RTCEx_PollForAlarmBEvent	16	static
