../Drivers/STM32F7xx_HAL_Driver/Src/stm32f7xx_hal_spdifrx.c:1600:26:SPDIFRX_WaitOnFlagUntilTimeout.constprop	24	static
../Drivers/STM32F7xx_HAL_Driver/Src/stm32f7xx_hal_spdifrx.c:384:13:HAL_SPDIFRX_MspInit	0	static
../Drivers/STM32F7xx_HAL_Driver/Src/stm32f7xx_hal_spdifrx.c:244:19:HAL_SPDIFRX_Init	8	static
../Drivers/STM32F7xx_HAL_Driver/Src/stm32f7xx_hal_spdifrx.c:399:13:HAL_SPDIFRX_MspDeInit	0	static
../Drivers/STM32F7xx_HAL_Driver/Src/stm32f7xx_hal_spdifrx.c:339:19:HAL_SPDIFRX_DeInit	8	static
../Drivers/STM32F7xx_HAL_Driver/Src/stm32f7xx_hal_spdifrx.c:609:19:HAL_SPDIFRX_SetDataFormat	8	static
../Drivers/STM32F7xx_HAL_Driver/Src/stm32f7xx_hal_spdifrx.c:708:19:HAL_SPDIFRX_ReceiveDataFlow	24	static
../Drivers/STM32F7xx_HAL_Driver/Src/stm32f7xx_hal_spdifrx.c:782:19:HAL_SPDIFRX_ReceiveControlFlow	24	static
../Drivers/STM32F7xx_HAL_Driver/Src/stm32f7xx_hal_spdifrx.c:854:19:HAL_SPDIFRX_ReceiveDataFlow_IT	8	static
../Drivers/STM32F7xx_HAL_Driver/Src/stm32f7xx_hal_spdifrx.c:940:19:HAL_SPDIFRX_ReceiveControlFlow_IT	12	static
../Drivers/STM32F7xx_HAL_Driver/Src/stm32f7xx_hal_spdifrx.c:1026:19:HAL_SPDIFRX_ReceiveDataFlow_DMA	16	static
../Drivers/STM32F7xx_HAL_Driver/Src/stm32f7xx_hal_spdifrx.c:1129:19:HAL_SPDIFRX_ReceiveControlFlow_DMA	16	static
../Drivers/STM32F7xx_HAL_Driver/Src/stm32f7xx_hal_spdifrx.c:1230:19:HAL_SPDIFRX_DMAStop	0	static
../Drivers/STM32F7xx_HAL_Driver/Src/stm32f7xx_hal_spdifrx.c:1314:13:HAL_SPDIFRX_RxHalfCpltCallback	0	static
../Drivers/STM32F7xx_HAL_Driver/Src/stm32f7xx_hal_spdifrx.c:1455:13:SPDIFRX_DMARxHalfCplt	8	static
../Drivers/STM32F7xx_HAL_Driver/Src/stm32f7xx_hal_spdifrx.c:1329:13:HAL_SPDIFRX_RxCpltCallback	0	static
../Drivers/STM32F7xx_HAL_Driver/Src/stm32f7xx_hal_spdifrx.c:1432:13:SPDIFRX_DMARxCplt	8	static
../Drivers/STM32F7xx_HAL_Driver/Src/stm32f7xx_hal_spdifrx.c:1344:13:HAL_SPDIFRX_CxHalfCpltCallback	0	static
../Drivers/STM32F7xx_HAL_Driver/Src/stm32f7xx_hal_spdifrx.c:1493:13:SPDIFRX_DMACxHalfCplt	8	static
../Drivers/STM32F7xx_HAL_Driver/Src/stm32f7xx_hal_spdifrx.c:1359:13:HAL_SPDIFRX_CxCpltCallback	0	static
../Drivers/STM32F7xx_HAL_Driver/Src/stm32f7xx_hal_spdifrx.c:1472:13:SPDIFRX_DMACxCplt	8	static
../Drivers/STM32F7xx_HAL_Driver/Src/stm32f7xx_hal_spdifrx.c:1374:13:HAL_SPDIFRX_ErrorCallback	0	static
../Drivers/STM32F7xx_HAL_Driver/Src/stm32f7xx_hal_spdifrx.c:1509:13:SPDIFRX_DMAError	8	static
../Drivers/STM32F7xx_HAL_Driver/Src/stm32f7xx_hal_spdifrx.c:1265:6:HAL_SPDIFRX_IRQHandler	24	static
../Drivers/STM32F7xx_HAL_Driver/Src/stm32f7xx_hal_spdifrx.c:1408:26:HAL_SPDIFRX_GetState	0	static
../Drivers/STM32F7xx_HAL_Driver/Src/stm32f7xx_hal_spdifrx.c:1418:10:HAL_SPDIFRX_GetError	0	static
